Component: ARM Compiler 6.16 Tool: armlink [5dfeaa00]

==============================================================================

Section Cross References

    startup_stm32f407xx.o(RESET) refers to startup_stm32f407xx.o(STACK) for __initial_sp
    startup_stm32f407xx.o(RESET) refers to startup_stm32f407xx.o(.text) for Reset_Handler
    startup_stm32f407xx.o(RESET) refers to stm32f4xx_it.o(.text.NMI_Handler) for NMI_Handler
    startup_stm32f407xx.o(RESET) refers to stm32f4xx_it.o(.text.HardFault_Handler) for HardFault_Handler
    startup_stm32f407xx.o(RESET) refers to stm32f4xx_it.o(.text.MemManage_Handler) for MemManage_Handler
    startup_stm32f407xx.o(RESET) refers to stm32f4xx_it.o(.text.BusFault_Handler) for BusFault_Handler
    startup_stm32f407xx.o(RESET) refers to stm32f4xx_it.o(.text.UsageFault_Handler) for UsageFault_Handler
    startup_stm32f407xx.o(RESET) refers to stm32f4xx_it.o(.text.SVC_Handler) for SVC_Handler
    startup_stm32f407xx.o(RESET) refers to stm32f4xx_it.o(.text.DebugMon_Handler) for DebugMon_Handler
    startup_stm32f407xx.o(RESET) refers to stm32f4xx_it.o(.text.PendSV_Handler) for PendSV_Handler
    startup_stm32f407xx.o(RESET) refers to stm32f4xx_it.o(.text.SysTick_Handler) for SysTick_Handler
    startup_stm32f407xx.o(.text) refers to system_stm32f4xx.o(.text.SystemInit) for SystemInit
    startup_stm32f407xx.o(.text) refers to entry.o(.ARM.Collect$$$$00000000) for __main
    main.o(.text.main) refers to stm32f4xx_hal.o(.text.HAL_Init) for HAL_Init
    main.o(.text.main) refers to main.o(.text.SystemClock_Config) for SystemClock_Config
    main.o(.text.main) refers to gpio.o(.text.MX_GPIO_Init) for MX_GPIO_Init
    main.o(.text.main) refers to i2c.o(.text.MX_I2C1_Init) for MX_I2C1_Init
    main.o(.text.main) refers to tim.o(.text.MX_TIM1_Init) for MX_TIM1_Init
    main.o(.text.main) refers to usart.o(.text.MX_USART1_UART_Init) for MX_USART1_UART_Init
    main.o(.text.main) refers to tim.o(.bss.htim1) for htim1
    main.o(.text.main) refers to stm32f4xx_hal_tim.o(.text.HAL_TIM_PWM_Start) for HAL_TIM_PWM_Start
    main.o(.text.main) refers to encoder.o(.text.encoder_init) for encoder_init
    main.o(.text.main) refers to foc_my.o(.text.DFOC_Vbus) for DFOC_Vbus
    main.o(.text.main) refers to foc_my.o(.text.DFOC_alignSensor) for DFOC_alignSensor
    main.o(.text.main) refers to puts.o(i.puts) for puts
    main.o(.text.main) refers to stm32f4xx_it.o(.bss.flag) for flag
    main.o(.text.main) refers to main.o(.bss.angle) for angle
    main.o(.text.main) refers to main.o(.bss.inc_angle) for inc_angle
    main.o(.text.main) refers to encoder.o(.text.encoder_get_polar_angle) for encoder_get_polar_angle
    main.o(.text.main) refers to encoder.o(.text.encoder_get_angle) for encoder_get_angle
    main.o(.text.main) refers to f2d.o(.text) for __aeabi_f2d
    main.o(.text.main) refers to printfa.o(i.__0printf) for __2printf
    main.o(.text.main) refers to foc_my.o(.text._electricalAngle) for _electricalAngle
    main.o(.text.main) refers to foc_my.o(.text.setTorque) for setTorque
    main.o(.ARM.exidx.text.main) refers to main.o(.text.main) for [Anonymous Symbol]
    main.o(.text.SystemClock_Config) refers to memseta.o(.text) for __aeabi_memclr4
    main.o(.text.SystemClock_Config) refers to stm32f4xx_hal_rcc.o(.text.HAL_RCC_OscConfig) for HAL_RCC_OscConfig
    main.o(.text.SystemClock_Config) refers to stm32f4xx_hal_rcc.o(.text.HAL_RCC_ClockConfig) for HAL_RCC_ClockConfig
    main.o(.text.SystemClock_Config) refers to main.o(.text.Error_Handler) for Error_Handler
    main.o(.ARM.exidx.text.SystemClock_Config) refers to main.o(.text.SystemClock_Config) for [Anonymous Symbol]
    main.o(.ARM.exidx.text.Error_Handler) refers to main.o(.text.Error_Handler) for [Anonymous Symbol]
    gpio.o(.ARM.exidx.text.MX_GPIO_Init) refers to gpio.o(.text.MX_GPIO_Init) for [Anonymous Symbol]
    i2c.o(.text.MX_I2C1_Init) refers to i2c.o(.bss.hi2c1) for hi2c1
    i2c.o(.text.MX_I2C1_Init) refers to stm32f4xx_hal_i2c.o(.text.HAL_I2C_Init) for HAL_I2C_Init
    i2c.o(.text.MX_I2C1_Init) refers to main.o(.text.Error_Handler) for Error_Handler
    i2c.o(.ARM.exidx.text.MX_I2C1_Init) refers to i2c.o(.text.MX_I2C1_Init) for [Anonymous Symbol]
    i2c.o(.text.HAL_I2C_MspInit) refers to stm32f4xx_hal_gpio.o(.text.HAL_GPIO_Init) for HAL_GPIO_Init
    i2c.o(.ARM.exidx.text.HAL_I2C_MspInit) refers to i2c.o(.text.HAL_I2C_MspInit) for [Anonymous Symbol]
    i2c.o(.text.HAL_I2C_MspDeInit) refers to stm32f4xx_hal_gpio.o(.text.HAL_GPIO_DeInit) for HAL_GPIO_DeInit
    i2c.o(.ARM.exidx.text.HAL_I2C_MspDeInit) refers to i2c.o(.text.HAL_I2C_MspDeInit) for [Anonymous Symbol]
    tim.o(.text.MX_TIM1_Init) refers to tim.o(.bss.htim1) for htim1
    tim.o(.text.MX_TIM1_Init) refers to stm32f4xx_hal_tim.o(.text.HAL_TIM_Base_Init) for HAL_TIM_Base_Init
    tim.o(.text.MX_TIM1_Init) refers to main.o(.text.Error_Handler) for Error_Handler
[...]
    Removing encoder.o(.ARM.exidx.text.encoder_get_angle), (8 bytes).
    Removing encoder.o(.ARM.exidx.text.encoder_get_polar_angle), (8 bytes).
    Removing encoder.o(.ARM.exidx.text.i2cWrite), (8 bytes).
    Removing encoder.o(.ARM.exidx.text.i2cRead), (8 bytes).
    Removing foc_my.o(.text), (0 bytes).
    Removing foc_my.o(.ARM.exidx.text.DFOC_Vbus), (8 bytes).
    Removing foc_my.o(.ARM.exidx.text._normalizeAngle), (8 bytes).
    Removing foc_my.o(.ARM.exidx.text.setPwm), (8 bytes).
    Removing foc_my.o(.ARM.exidx.text.setTorque), (8 bytes).
    Removing foc_my.o(.ARM.exidx.text._electricalAngle), (8 bytes).
    Removing foc_my.o(.ARM.exidx.text.DFOC_alignSensor), (8 bytes).
    Removing foc_my.o(.text.DFOC_M0_Angle), (8 bytes).
    Removing foc_my.o(.ARM.exidx.text.DFOC_M0_Angle), (8 bytes).
    Removing foc.o(.text), (0 bytes).
    Removing foc.o(.text.get_electrical_angle), (72 bytes).
    Removing foc.o(.ARM.exidx.text.get_electrical_angle), (8 bytes).
    Removing foc.o(.text._normalizeAngle), (76 bytes).
    Removing foc.o(.ARM.exidx.text._normalizeAngle), (8 bytes).
    Removing foc.o(.text.foc_set_torque), (272 bytes).
    Removing foc.o(.ARM.exidx.text.foc_set_torque), (8 bytes).
    Removing foc.o(.text.setPwm), (164 bytes).
    Removing foc.o(.ARM.exidx.text.setPwm), (8 bytes).
    Removing foc.o(.text.foc_init), (26 bytes).
    Removing foc.o(.ARM.exidx.text.foc_init), (8 bytes).
    Removing foc.o(.text.foc_align_sensor), (120 bytes).
    Removing foc.o(.ARM.exidx.text.foc_align_sensor), (8 bytes).
    Removing foc.o(.bss.s_dir), (1 bytes).
    Removing foc.o(.bss.motor), (8 bytes).
    Removing foc.o(.bss.s_ele_zero), (4 bytes).
    Removing foc.o(.bss.Ualpha), (4 bytes).
    Removing pid.o(.text), (0 bytes).
    Removing pid.o(.text.pid_init), (12 bytes).
    Removing pid.o(.ARM.exidx.text.pid_init), (8 bytes).
    Removing pid.o(.text.pid_update), (74 bytes).
    Removing pid.o(.ARM.exidx.text.pid_update), (8 bytes).
    Removing dneg.o(.text), (6 bytes).

1001 unused section(s) (total 50489 bytes) removed from the image.

==============================================================================

Image Symbol Table

    Local Symbols

    Symbol Name                              Value     Ov Type        Size  Object(Section)

    ../clib/division.s                       0x00000000   Number         0  aeabi_sdiv.o ABSOLUTE
    ../clib/microlib/division.c              0x00000000   Number         0  uldiv.o ABSOLUTE
    ../clib/microlib/division.c              0x00000000   Number         0  uidiv.o ABSOLUTE
    ../clib/microlib/errno.c                 0x00000000   Number         0  errno.o ABSOLUTE
    ../clib/microlib/init/entry.s            0x00000000   Number         0  entry.o ABSOLUTE
    ../clib/microlib/init/entry.s            0x00000000   Number         0  entry2.o ABSOLUTE
    ../clib/microlib/init/entry.s            0x00000000   Number         0  entry5.o ABSOLUTE
    ../clib/microlib/init/entry.s            0x00000000   Number         0  entry7a.o ABSOLUTE
    ../clib/microlib/init/entry.s            0x00000000   Number         0  entry7b.o ABSOLUTE
    ../clib/microlib/init/entry.s            0x00000000   Number         0  entry8a.o ABSOLUTE
    ../clib/microlib/init/entry.s            0x00000000   Number         0  entry8b.o ABSOLUTE
    ../clib/microlib/init/entry.s            0x00000000   Number         0  entry9a.o ABSOLUTE
    ../clib/microlib/init/entry.s            0x00000000   Number         0  entry9b.o ABSOLUTE
    ../clib/microlib/init/entry.s            0x00000000   Number         0  entry10a.o ABSOLUTE
    ../clib/microlib/init/entry.s            0x00000000   Number         0  entry10b.o ABSOLUTE
    ../clib/microlib/init/entry.s            0x00000000   Number         0  entry11a.o ABSOLUTE
    ../clib/microlib/init/entry.s            0x00000000   Number         0  entry11b.o ABSOLUTE
    ../clib/microlib/longlong.c              0x00000000   Number         0  llshl.o ABSOLUTE
    ../clib/microlib/longlong.c              0x00000000   Number         0  llushr.o ABSOLUTE
    ../clib/microlib/longlong.c              0x00000000   Number         0  llsshr.o ABSOLUTE
    ../clib/microlib/printf/printf.c         0x00000000   Number         0  printfb.o ABSOLUTE
    ../clib/microlib/printf/printf.c         0x00000000   Number         0  printf0.o ABSOLUTE
    ../clib/microlib/printf/printf.c         0x00000000   Number         0  printf1.o ABSOLUTE
    ../clib/microlib/printf/printf.c         0x00000000   Number         0  printf2.o ABSOLUTE
    ../clib/microlib/printf/printf.c         0x00000000   Number         0  printf3.o ABSOLUTE
    ../clib/microlib/printf/printf.c         0x00000000   Number         0  printf4.o ABSOLUTE
    ../clib/microlib/printf/printf.c         0x00000000   Number         0  printf5.o ABSOLUTE
    ../clib/microlib/printf/printf.c         0x00000000   Number         0  printf6.o ABSOLUTE
    ../clib/microlib/printf/printf.c         0x00000000   Number         0  printf7.o ABSOLUTE
    ../clib/microlib/printf/printf.c         0x00000000   Number         0  printf8.o ABSOLUTE
    ../clib/microlib/printf/printf.c         0x00000000   Number         0  printfa.o ABSOLUTE
    ../clib/microlib/printf/stubs.s          0x00000000   Number         0  printfstubs.o ABSOLUTE
    ../clib/microlib/stdio/puts.c            0x00000000   Number         0  puts.o ABSOLUTE
    ../clib/microlib/stdio/puts.c            0x00000000   Number         0  puts_e.o ABSOLUTE
    ../clib/microlib/stdio/streams.c         0x00000000   Number         0  stdout.o ABSOLUTE
    ../clib/microlib/string/memset.c         0x00000000   Number         0  memseta.o ABSOLUTE
    ../clib/microlib/stubs.s                 0x00000000   Number         0  iusefp.o ABSOLUTE
    ../fplib/microlib/d2f.c                  0x00000000   Number         0  d2f.o ABSOLUTE
    ../fplib/microlib/f2d.c                  0x00000000   Number         0  f2d.o ABSOLUTE
    ../fplib/microlib/fpadd.c                0x00000000   Number         0  dadd.o ABSOLUTE
    ../fplib/microlib/fpcmp.c                0x00000000   Number         0  dcmple.o ABSOLUTE
    ../fplib/microlib/fpdiv.c                0x00000000   Number         0  ddiv.o ABSOLUTE
    ../fplib/microlib/fpepilogue.c           0x00000000   Number         0  fepilogue.o ABSOLUTE
    ../fplib/microlib/fpepilogue.c           0x00000000   Number         0  depilogue.o ABSOLUTE
    ../fplib/microlib/fpfix.c                0x00000000   Number         0  dfixul.o ABSOLUTE
    ../fplib/microlib/fpfix.c                0x00000000   Number         0  dfixi.o ABSOLUTE
    ../fplib/microlib/fpflt.c                0x00000000   Number         0  dfltui.o ABSOLUTE
    ../fplib/microlib/fpflt.c                0x00000000   Number         0  dflti.o ABSOLUTE
    ../fplib/microlib/fpmul.c                0x00000000   Number         0  dmul.o ABSOLUTE
    ../fplib/microlib/fpneg.c                0x00000000   Number         0  dneg.o ABSOLUTE
    ../fplib/microlib/fprem.c                0x00000000   Number         0  drem.o ABSOLUTE
    ../mathlib/cos.c                         0x00000000   Number         0  cos.o ABSOLUTE
    ../mathlib/cos_i.c                       0x00000000   Number         0  cos_i.o ABSOLUTE
    ../mathlib/dunder.c                      0x00000000   Number         0  dunder.o ABSOLUTE
    ../mathlib/fabs.c                        0x00000000   Number         0  fabs.o ABSOLUTE
    ../mathlib/fmod.c                        0x00000000   Number         0  fmod.o ABSOLUTE
    ../mathlib/fpclassify.c                  0x00000000   Number         0  fpclassify.o ABSOLUTE
    ../mathlib/poly.c                        0x00000000   Number         0  poly.o ABSOLUTE
    ../mathlib/rred.c                        0x00000000   Number         0  rred.o ABSOLUTE
    ../mathlib/sin.c                         0x00000000   Number         0  sin.o ABSOLUTE
    ../mathlib/sin_i.c                       0x00000000   Number         0  sin_i.o ABSOLUTE
    cdrcmple.s                               0x00000000   Number         0  cdrcmple.o ABSOLUTE
    dc.s                                     0x00000000   Number         0  dc.o ABSOLUTE
    encoder.c                                0x00000000   Number         0  encoder.o ABSOLUTE
    foc.c                                    0x00000000   Number         0  foc.o ABSOLUTE
    foc_my.c                                 0x00000000   Number         0  foc_my.o ABSOLUTE
    gpio.c                                   0x00000000   Number         0  gpio.o ABSOLUTE
    handlers.s                               0x00000000   Number         0  handlers.o ABSOLUTE
    i2c.c                                    0x00000000   Number         0  i2c.o ABSOLUTE
    init.s                                   0x00000000   Number         0  init.o ABSOLUTE
    main.c                                   0x00000000   Number         0  main.o ABSOLUTE
    pid.c                                    0x00000000   Number         0  pid.o ABSOLUTE
    startup_stm32f407xx.s                    0x00000000   Number         0  startup_stm32f407xx.o ABSOLUTE
    stm32f4xx_hal.c                          0x00000000   Number         0  stm32f4xx_hal.o ABSOLUTE
    stm32f4xx_hal_cortex.c                   0x00000000   Number         0  stm32f4xx_hal_cortex.o ABSOLUTE
    stm32f4xx_hal_dma.c                      0x00000000   Number         0  stm32f4xx_hal_dma.o ABSOLUTE
    stm32f4xx_hal_dma_ex.c                   0x00000000   Number         0  stm32f4xx_hal_dma_ex.o ABSOLUTE
    stm32f4xx_hal_exti.c                     0x00000000   Number         0  stm32f4xx_hal_exti.o ABSOLUTE
    stm32f4xx_hal_flash.c                    0x00000000   Number         0  stm32f4xx_hal_flash.o ABSOLUTE
    stm32f4xx_hal_flash_ex.c                 0x00000000   Number         0  stm32f4xx_hal_flash_ex.o ABSOLUTE
    stm32f4xx_hal_flash_ramfunc.c            0x00000000   Number         0  stm32f4xx_hal_flash_ramfunc.o ABSOLUTE
    stm32f4xx_hal_gpio.c                     0x00000000   Number         0  stm32f4xx_hal_gpio.o ABSOLUTE
    stm32f4xx_hal_i2c.c                      0x00000000   Number         0  stm32f4xx_hal_i2c.o ABSOLUTE
    stm32f4xx_hal_i2c_ex.c                   0x00000000   Number         0  stm32f4xx_hal_i2c_ex.o ABSOLUTE
    stm32f4xx_hal_msp.c                      0x00000000   Number         0  stm32f4xx_hal_msp.o ABSOLUTE
    stm32f4xx_hal_pwr.c                      0x00000000   Number         0  stm32f4xx_hal_pwr.o ABSOLUTE
    stm32f4xx_hal_pwr_ex.c                   0x00000000   Number         0  stm32f4xx_hal_pwr_ex.o ABSOLUTE
    stm32f4xx_hal_rcc.c                      0x00000000   Number         0  stm32f4xx_hal_rcc.o ABSOLUTE
    stm32f4xx_hal_rcc_ex.c                   0x00000000   Number         0  stm32f4xx_hal_rcc_ex.o ABSOLUTE
    stm32f4xx_hal_tim.c                      0x00000000   Number         0  stm32f4xx_hal_tim.o ABSOLUTE
    stm32f4xx_hal_tim_ex.c                   0x00000000   Number         0  stm32f4xx_hal_tim_ex.o ABSOLUTE
    stm32f4xx_hal_uart.c                     0x00000000   Number         0  stm32f4xx_hal_uart.o ABSOLUTE
    stm32f4xx_it.c                           0x00000000   Number         0  stm32f4xx_it.o ABSOLUTE
    system_stm32f4xx.c                       0x00000000   Number         0  system_stm32f4xx.o ABSOLUTE
    tim.c                                    0x00000000   Number         0  tim.o ABSOLUTE
    usart.c                                  0x00000000   Number         0  usart.o ABSOLUTE
    RESET                                    0x08000000   Section      392  startup_stm32f407xx.o(RESET)
    .ARM.Collect$$$$00000000                 0x08000188   Section        0  entry.o(.ARM.Collect$$$$00000000)
    .ARM.Collect$$$$00000001                 0x08000188   Section        4  entry2.o(.ARM.Collect$$$$00000001)
    .ARM.Collect$$$$00000004                 0x0800018c   Section        4  entry5.o(.ARM.Collect$$$$00000004)
    .ARM.Collect$$$$00000008                 0x08000190   Section        0  entry7b.o(.ARM.Collect$$$$00000008)
    .ARM.Collect$$$$0000000A                 0x08000190   Section        0  entry8b.o(.ARM.Collect$$$$0000000A)
    .ARM.Collect$$$$0000000B                 0x08000190   Section        8  entry9a.o(.ARM.Collect$$$$0000000B)
    __lit__00000000                          0x08000198   Data           4  entry2.o(.ARM.Collect$$$$00002712)
    .ARM.Collect$$$$0000000D                 0x08000198   Section        0  entry10a.o(.ARM.Collect$$$$0000000D)
    .ARM.Collect$$$$0000000F                 0x08000198   Section        0  entry11a.o(.ARM.Collect$$$$0000000F)
    .ARM.Collect$$$$00002712                 0x08000198   Section        4  entry2.o(.ARM.Collect$$$$00002712)
    $v0                                      0x0800019c   Number         0  startup_stm32f407xx.o(.text)
    .text                                    0x0800019c   Section       36  startup_stm32f407xx.o(.text)
    .text                                    0x080001c0   Section        0  uldiv.o(.text)
    .text                                    0x08000222   Section        0  memseta.o(.text)
    .text                                    0x08000246   Section        0  dadd.o(.text)
    .text                                    0x08000394   Section        0  dmul.o(.text)
    .text                                    0x08000478   Section        0  ddiv.o(.text)
    .text                                    0x08000556   Section        0  dcmple.o(.text)
    .text                                    0x0800058c   Section        0  dfltui.o(.text)
    .text                                    0x080005a6   Section        0  f2d.o(.text)
    .text                                    0x080005cc   Section        0  d2f.o(.text)
    .text                                    0x08000604   Section        0  uidiv.o(.text)
    .text                                    0x08000630   Section        0  llshl.o(.text)
    .text                                    0x0800064e   Section        0  llushr.o(.text)
    .text                                    0x0800066e   Section        0  llsshr.o(.text)
    .text                                    0x08000692   Section        0  iusefp.o(.text)
    .text                                    0x08000692   Section        0  fepilogue.o(.text)
    .text                                    0x08000700   Section        0  depilogue.o(.text)
    .text                                    0x080007ba   Section        0  drem.o(.text)
    .text                                    0x08000840   Section        0  dfixul.o(.text)
    .text                                    0x08000870   Section       48  cdrcmple.o(.text)
    .text                                    0x080008a0   Section       36  init.o(.text)
    .text                                    0x080008c4   Section        0  dflti.o(.text)
    .text                                    0x080008e6   Section        0  dfixi.o(.text)
    [Anonymous Symbol]                       0x08000924   Section        0  stm32f4xx_it.o(.text.BusFault_Handler)
    [Anonymous Symbol]                       0x08000928   Section        0  foc_my.o(.text.DFOC_Vbus)
    [Anonymous Symbol]                       0x08000938   Section        0  foc_my.o(.text.DFOC_alignSensor)
    [Anonymous Symbol]                       0x080009b8   Section        0  stm32f4xx_it.o(.text.DebugMon_Handler)
    [Anonymous Symbol]                       0x080009bc   Section        0  main.o(.text.Error_Handler)
    [Anonymous Symbol]                       0x080009c8   Section        0  stm32f4xx_hal.o(.text.HAL_Delay)
    [Anonymous Symbol]                       0x080009f0   Section        0  stm32f4xx_hal_gpio.o(.text.HAL_GPIO_Init)
    [Anonymous Symbol]                       0x08000b88   Section        0  stm32f4xx_hal.o(.text.HAL_GetTick)
    [Anonymous Symbol]                       0x08000b94   Section        0  stm32f4xx_hal_i2c.o(.text.HAL_I2C_Init)
    [Anonymous Symbol]                       0x08000d2c   Section        0  stm32f4xx_hal_i2c.o(.text.HAL_I2C_Master_Receive)
    [Anonymous Symbol]                       0x08000f34   Section        0  stm32f4xx_hal_i2c.o(.text.HAL_I2C_Master_Transmit)
    [Anonymous Symbol]                       0x0800106c   Section        0  i2c.o(.text.HAL_I2C_MspInit)
    [Anonymous Symbol]                       0x080010e0   Section        0  stm32f4xx_hal.o(.text.HAL_IncTick)
    [Anonymous Symbol]                       0x080010fc   Section        0  stm32f4xx_hal.o(.text.HAL_Init)
    [Anonymous Symbol]                       0x08001134   Section        0  stm32f4xx_hal.o(.text.HAL_InitTick)
    [Anonymous Symbol]                       0x08001184   Section        0  stm32f4xx_hal_msp.o(.text.HAL_MspInit)
    [Anonymous Symbol]                       0x080011bc   Section        0  stm32f4xx_hal_cortex.o(.text.HAL_NVIC_SetPriority)
    [Anonymous Symbol]                       0x080011dc   Section        0  stm32f4xx_hal_cortex.o(.text.HAL_NVIC_SetPriorityGrouping)
    [Anonymous Symbol]                       0x080011e4   Section        0  stm32f4xx_hal_rcc.o(.text.HAL_RCC_ClockConfig)
    [Anonymous Symbol]                       0x08001344   Section        0  stm32f4xx_hal_rcc.o(.text.HAL_RCC_GetHCLKFreq)
    [Anonymous Symbol]                       0x08001350   Section        0  stm32f4xx_hal_rcc.o(.text.HAL_RCC_GetPCLK1Freq)
    [Anonymous Symbol]                       0x08001374   Section        0  stm32f4xx_hal_rcc.o(.text.HAL_RCC_GetPCLK2Freq)
    [Anonymous Symbol]                       0x08001398   Section        0  stm32f4xx_hal_rcc.o(.text.HAL_RCC_GetSysClockFreq)
    [Anonymous Symbol]                       0x08001404   Section        0  stm32f4xx_hal_rcc.o(.text.HAL_RCC_OscConfig)
    [Anonymous Symbol]                       0x0800174c   Section        0  stm32f4xx_hal_cortex.o(.text.HAL_SYSTICK_Config)
    [Anonymous Symbol]                       0x08001754   Section        0  stm32f4xx_hal_tim_ex.o(.text.HAL_TIMEx_ConfigBreakDeadTime)
    [Anonymous Symbol]                       0x080017a0   Section        0  stm32f4xx_hal_tim_ex.o(.text.HAL_TIMEx_MasterConfigSynchronization)
    [Anonymous Symbol]                       0x08001858   Section        0  stm32f4xx_hal_tim.o(.text.HAL_TIM_Base_Init)
    [Anonymous Symbol]                       0x080018b4   Section        0  tim.o(.text.HAL_TIM_Base_MspInit)
    [Anonymous Symbol]                       0x080018e8   Section        0  stm32f4xx_hal_tim.o(.text.HAL_TIM_ConfigClockSource)
    [Anonymous Symbol]                       0x080019c8   Section        0  tim.o(.text.HAL_TIM_MspPostInit)
    [Anonymous Symbol]                       0x08001a24   Section        0  stm32f4xx_hal_tim.o(.text.HAL_TIM_PWM_ConfigChannel)
    [Anonymous Symbol]                       0x08001abc   Section        0  stm32f4xx_hal_tim.o(.text.HAL_TIM_PWM_Init)
    [Anonymous Symbol]                       0x08001b18   Section        0  stm32f4xx_hal_tim.o(.text.HAL_TIM_PWM_MspInit)
    [Anonymous Symbol]                       0x08001b1c   Section        0  stm32f4xx_hal_tim.o(.text.HAL_TIM_PWM_Start)
    [Anonymous Symbol]                       0x08001c40   Section        0  stm32f4xx_hal_uart.o(.text.HAL_UART_Init)
    [Anonymous Symbol]                       0x08001ca0   Section        0  usart.o(.text.HAL_UART_MspInit)
    [Anonymous Symbol]                       0x08001d14   Section        0  stm32f4xx_hal_uart.o(.text.HAL_UART_Transmit)
    [Anonymous Symbol]                       0x08001de0   Section        0  stm32f4xx_it.o(.text.HardFault_Handler)
    I2C_IsAcknowledgeFailed                  0x08001de5   Thumb Code    48  stm32f4xx_hal_i2c.o(.text.I2C_IsAcknowledgeFailed)
    [Anonymous Symbol]                       0x08001de4   Section        0  stm32f4xx_hal_i2c.o(.text.I2C_IsAcknowledgeFailed)
    I2C_MasterRequestRead                    0x08001e15   Thumb Code   254  stm32f4xx_hal_i2c.o(.text.I2C_MasterRequestRead)
    [Anonymous Symbol]                       0x08001e14   Section        0  stm32f4xx_hal_i2c.o(.text.I2C_MasterRequestRead)
    I2C_MasterRequestWrite                   0x08001f15   Thumb Code   176  stm32f4xx_hal_i2c.o(.text.I2C_MasterRequestWrite)
    [Anonymous Symbol]                       0x08001f14   Section        0  stm32f4xx_hal_i2c.o(.text.I2C_MasterRequestWrite)
    I2C_WaitOnBTFFlagUntilTimeout            0x08001fc5   Thumb Code    94  stm32f4xx_hal_i2c.o(.text.I2C_WaitOnBTFFlagUntilTimeout)
    [Anonymous Symbol]                       0x08001fc4   Section        0  stm32f4xx_hal_i2c.o(.text.I2C_WaitOnBTFFlagUntilTimeout)
    I2C_WaitOnFlagUntilTimeout               0x08002025   Thumb Code   116  stm32f4xx_hal_i2c.o(.text.I2C_WaitOnFlagUntilTimeout)
    [Anonymous Symbol]                       0x08002024   Section        0  stm32f4xx_hal_i2c.o(.text.I2C_WaitOnFlagUntilTimeout)
    I2C_WaitOnMasterAddressFlagUntilTimeout  0x08002099   Thumb Code   140  stm32f4xx_hal_i2c.o(.text.I2C_WaitOnMasterAddressFlagUntilTimeout)
    [Anonymous Symbol]                       0x08002098   Section        0  stm32f4xx_hal_i2c.o(.text.I2C_WaitOnMasterAddressFlagUntilTimeout)
    I2C_WaitOnRXNEFlagUntilTimeout           0x08002125   Thumb Code    94  stm32f4xx_hal_i2c.o(.text.I2C_WaitOnRXNEFlagUntilTimeout)
    [Anonymous Symbol]                       0x08002124   Section        0  stm32f4xx_hal_i2c.o(.text.I2C_WaitOnRXNEFlagUntilTimeout)
    I2C_WaitOnTXEFlagUntilTimeout            0x08002185   Thumb Code    94  stm32f4xx_hal_i2c.o(.text.I2C_WaitOnTXEFlagUntilTimeout)
    [Anonymous Symbol]                       0x08002184   Section        0  stm32f4xx_hal_i2c.o(.text.I2C_WaitOnTXEFlagUntilTimeout)
    [Anonymous Symbol]                       0x080021e4   Section        0  gpio.o(.text.MX_GPIO_Init)
    [Anonymous Symbol]                       0x08002244   Section        0  i2c.o(.text.MX_I2C1_Init)
    [Anonymous Symbol]                       0x08002284   Section        0  tim.o(.text.MX_TIM1_Init)
    [Anonymous Symbol]                       0x080023c0   Section        0  usart.o(.text.MX_USART1_UART_Init)
    [Anonymous Symbol]                       0x080023f8   Section        0  stm32f4xx_it.o(.text.MemManage_Handler)
    [Anonymous Symbol]                       0x080023fc   Section        0  stm32f4xx_it.o(.text.NMI_Handler)
    NVIC_EncodePriority                      0x08002401   Thumb Code    44  stm32f4xx_hal_cortex.o(.text.NVIC_EncodePriority)
    [Anonymous Symbol]                       0x08002400   Section        0  stm32f4xx_hal_cortex.o(.text.NVIC_EncodePriority)
    [Anonymous Symbol]                       0x0800242c   Section        0  stm32f4xx_it.o(.text.PendSV_Handler)
    [Anonymous Symbol]                       0x08002430   Section        0  stm32f4xx_it.o(.text.SVC_Handler)
    SysTick_Config                           0x08002435   Thumb Code    46  stm32f4xx_hal_cortex.o(.text.SysTick_Config)
    [Anonymous Symbol]                       0x08002434   Section        0  stm32f4xx_hal_cortex.o(.text.SysTick_Config)
    [Anonymous Symbol]                       0x08002464   Section        0  stm32f4xx_it.o(.text.SysTick_Handler)
    [Anonymous Symbol]                       0x08002478   Section        0  main.o(.text.SystemClock_Config)
    [Anonymous Symbol]                       0x0800251c   Section        0  system_stm32f4xx.o(.text.SystemInit)
    [Anonymous Symbol]                       0x08002530   Section        0  stm32f4xx_hal_tim.o(.text.TIM_Base_SetConfig)
    [Anonymous Symbol]                       0x08002654   Section        0  stm32f4xx_hal_tim.o(.text.TIM_CCxChannelCmd)
    [Anonymous Symbol]                       0x08002678   Section        0  stm32f4xx_hal_tim.o(.text.TIM_ETR_SetConfig)
    TIM_ITRx_SetConfig                       0x08002691   Thumb Code    16  stm32f4xx_hal_tim.o(.text.TIM_ITRx_SetConfig)
    [Anonymous Symbol]                       0x08002690   Section        0  stm32f4xx_hal_tim.o(.text.TIM_ITRx_SetConfig)
    TIM_OC1_SetConfig                        0x080026a1   Thumb Code   100  stm32f4xx_hal_tim.o(.text.TIM_OC1_SetConfig)
    [Anonymous Symbol]                       0x080026a0   Section        0  stm32f4xx_hal_tim.o(.text.TIM_OC1_SetConfig)
    [Anonymous Symbol]                       0x08002704   Section        0  stm32f4xx_hal_tim.o(.text.TIM_OC2_SetConfig)
    TIM_OC3_SetConfig                        0x08002771   Thumb Code   104  stm32f4xx_hal_tim.o(.text.TIM_OC3_SetConfig)
    [Anonymous Symbol]                       0x08002770   Section        0  stm32f4xx_hal_tim.o(.text.TIM_OC3_SetConfig)
    TIM_OC4_SetConfig                        0x080027d9   Thumb Code    78  stm32f4xx_hal_tim.o(.text.TIM_OC4_SetConfig)
    [Anonymous Symbol]                       0x080027d8   Section        0  stm32f4xx_hal_tim.o(.text.TIM_OC4_SetConfig)
    TIM_TI1_ConfigInputStage                 0x08002829   Thumb Code    34  stm32f4xx_hal_tim.o(.text.TIM_TI1_ConfigInputStage)
    [Anonymous Symbol]                       0x08002828   Section        0  stm32f4xx_hal_tim.o(.text.TIM_TI1_ConfigInputStage)
    TIM_TI2_ConfigInputStage                 0x0800284d   Thumb Code    36  stm32f4xx_hal_tim.o(.text.TIM_TI2_ConfigInputStage)
    [Anonymous Symbol]                       0x0800284c   Section        0  stm32f4xx_hal_tim.o(.text.TIM_TI2_ConfigInputStage)
    UART_SetConfig                           0x08002871   Thumb Code   220  stm32f4xx_hal_uart.o(.text.UART_SetConfig)
    [Anonymous Symbol]                       0x08002870   Section        0  stm32f4xx_hal_uart.o(.text.UART_SetConfig)
    UART_WaitOnFlagUntilTimeout              0x0800294d   Thumb Code   122  stm32f4xx_hal_uart.o(.text.UART_WaitOnFlagUntilTimeout)
    [Anonymous Symbol]                       0x0800294c   Section        0  stm32f4xx_hal_uart.o(.text.UART_WaitOnFlagUntilTimeout)
    [Anonymous Symbol]                       0x080029c8   Section        0  stm32f4xx_it.o(.text.UsageFault_Handler)
    __NVIC_GetPriorityGrouping               0x080029cd   Thumb Code    16  stm32f4xx_hal_cortex.o(.text.__NVIC_GetPriorityGrouping)
    [Anonymous Symbol]                       0x080029cc   Section        0  stm32f4xx_hal_cortex.o(.text.__NVIC_GetPriorityGrouping)
    __NVIC_SetPriority                       0x080029dd   Thumb Code    34  stm32f4xx_hal_cortex.o(.text.__NVIC_SetPriority)
    [Anonymous Symbol]                       0x080029dc   Section        0  stm32f4xx_hal_cortex.o(.text.__NVIC_SetPriority)
    __NVIC_SetPriorityGrouping               0x08002a01   Thumb Code    32  stm32f4xx_hal_cortex.o(.text.__NVIC_SetPriorityGrouping)
    [Anonymous Symbol]                       0x08002a00   Section        0  stm32f4xx_hal_cortex.o(.text.__NVIC_SetPriorityGrouping)
    [Anonymous Symbol]                       0x08002a20   Section        0  foc_my.o(.text._electricalAngle)
    [Anonymous Symbol]                       0x08002a68   Section        0  foc_my.o(.text._normalizeAngle)
    [Anonymous Symbol]                       0x08002ab8   Section        0  encoder.o(.text.bsp_as5600GetAngle)
    [Anonymous Symbol]                       0x08002b90   Section        0  encoder.o(.text.bsp_as5600GetAngle_without_trak)
    bsp_as5600GetRawAngle                    0x08002be1   Thumb Code    44  encoder.o(.text.bsp_as5600GetRawAngle)
    [Anonymous Symbol]                       0x08002be0   Section        0  encoder.o(.text.bsp_as5600GetRawAngle)
    [Anonymous Symbol]                       0x08002c0c   Section        0  encoder.o(.text.bsp_as5600Init)
    [Anonymous Symbol]                       0x08002c34   Section        0  encoder.o(.text.bsp_as5600_get_polar_angle)
    [Anonymous Symbol]                       0x08002ca0   Section        0  encoder.o(.text.encoder_ge_angle_without_trace)
    [Anonymous Symbol]                       0x08002ca8   Section        0  encoder.o(.text.encoder_get_angle)
    [Anonymous Symbol]                       0x08002cb0   Section        0  encoder.o(.text.encoder_get_polar_angle)
    [Anonymous Symbol]                       0x08002cb8   Section        0  encoder.o(.text.encoder_init)
    [Anonymous Symbol]                       0x08002cc0   Section        0  usart.o(.text.fputc)
    i2cRead                                  0x08002ce1   Thumb Code    34  encoder.o(.text.i2cRead)
    [Anonymous Symbol]                       0x08002ce0   Section        0  encoder.o(.text.i2cRead)
    i2cWrite                                 0x08002d05   Thumb Code    34  encoder.o(.text.i2cWrite)
    [Anonymous Symbol]                       0x08002d04   Section        0  encoder.o(.text.i2cWrite)
    [Anonymous Symbol]                       0x08002d28   Section        0  main.o(.text.main)
    [Anonymous Symbol]                       0x08002e30   Section        0  foc_my.o(.text.setPwm)
    [Anonymous Symbol]                       0x08002ed8   Section        0  foc_my.o(.text.setTorque)
    i.__0printf                              0x0800308c   Section        0  printfa.o(i.__0printf)
    i.__ARM_fpclassify                       0x080030ac   Section        0  fpclassify.o(i.__ARM_fpclassify)
    i.__hardfp_cos                           0x080030e0   Section        0  cos.o(i.__hardfp_cos)
    i.__hardfp_fmod                          0x080031a8   Section        0  fmod.o(i.__hardfp_fmod)
    i.__hardfp_sin                           0x080032b0   Section        0  sin.o(i.__hardfp_sin)
    i.__ieee754_rem_pio2                     0x08003378   Section        0  rred.o(i.__ieee754_rem_pio2)
    i.__kernel_cos                           0x080037b0   Section        0  cos_i.o(i.__kernel_cos)
    i.__kernel_poly                          0x08003920   Section        0  poly.o(i.__kernel_poly)
    i.__kernel_sin                           0x08003a18   Section        0  sin_i.o(i.__kernel_sin)
    i.__mathlib_dbl_infnan                   0x08003b48   Section        0  dunder.o(i.__mathlib_dbl_infnan)
    i.__mathlib_dbl_invalid                  0x08003b60   Section        0  dunder.o(i.__mathlib_dbl_invalid)
    i.__mathlib_dbl_underflow                0x08003b80   Section        0  dunder.o(i.__mathlib_dbl_underflow)
    i.__scatterload_copy                     0x08003ba0   Section       14  handlers.o(i.__scatterload_copy)
    i.__scatterload_null                     0x08003bae   Section        2  handlers.o(i.__scatterload_null)
    i.__scatterload_zeroinit                 0x08003bb0   Section       14  handlers.o(i.__scatterload_zeroinit)
    i.__set_errno                            0x08003bc0   Section        0  errno.o(i.__set_errno)
    _fp_digits                               0x08003bcd   Thumb Code   366  printfa.o(i._fp_digits)
    i._fp_digits                             0x08003bcc   Section        0  printfa.o(i._fp_digits)
    _printf_core                             0x08003d51   Thumb Code  1744  printfa.o(i._printf_core)
    i._printf_core                           0x08003d50   Section        0  printfa.o(i._printf_core)
    _printf_post_padding                     0x0800442d   Thumb Code    36  printfa.o(i._printf_post_padding)
    i._printf_post_padding                   0x0800442c   Section        0  printfa.o(i._printf_post_padding)
    _printf_pre_padding                      0x08004451   Thumb Code    46  printfa.o(i._printf_pre_padding)
    i._printf_pre_padding                    0x08004450   Section        0  printfa.o(i._printf_pre_padding)
    i.fabs                                   0x0800447e   Section        0  fabs.o(i.fabs)
    i.puts                                   0x08004498   Section        0  puts.o(i.puts)
    C                                        0x080044c0   Data          48  cos_i.o(.constdata)
    .constdata                               0x080044c0   Section       48  cos_i.o(.constdata)
    pio2s                                    0x080044f0   Data          48  rred.o(.constdata)
    .constdata                               0x080044f0   Section      204  rred.o(.constdata)
    twooverpi                                0x08004520   Data         156  rred.o(.constdata)
    S                                        0x080045c0   Data          40  sin_i.o(.constdata)
    .constdata                               0x080045c0   Section       40  sin_i.o(.constdata)
    .data                                    0x20000000   Section        4  stdout.o(.data)
    _errno                                   0x20000004   Data           4  errno.o(.data)
    .data                                    0x20000004   Section        4  errno.o(.data)
    angle_data_prev                          0x20000038   Data           4  encoder.o(.bss.angle_data_prev)
    [Anonymous Symbol]                       0x20000038   Section        0  encoder.o(.bss.angle_data_prev)
    bsp_as5600_get_polar_angle.p_angle       0x2000003c   Data           4  encoder.o(.bss.bsp_as5600_get_polar_angle.p_angle)
    [Anonymous Symbol]                       0x2000003c   Section        0  encoder.o(.bss.bsp_as5600_get_polar_angle.p_angle)
    full_rotation_offset                     0x20000044   Data           4  encoder.o(.bss.full_rotation_offset)
    [Anonymous Symbol]                       0x20000044   Section        0  encoder.o(.bss.full_rotation_offset)
    full_rotations                           0x20000048   Data           4  encoder.o(.bss.full_rotations)
    [Anonymous Symbol]                       0x20000048   Section        0  encoder.o(.bss.full_rotations)
    STACK                                    0x20000140   Section     1024  startup_stm32f407xx.o(STACK)

    Global Symbols

    Symbol Name                              Value     Ov Type        Size  Object(Section)

    BuildAttributes$$THM_ISAv4$E$P$D$K$B$S$7EM$VFPi3$EXTD16$VFPS$VFMA$PE$A:L22UL41UL21$X:L11$S22US41US21$IEEE1$IW$~IW$USESV6$~STKCKD$USESV7$~SHL$OTIME$ROPI$IEEEX$EBA8$MICROLIB$REQ8$PRES8$EABIv2 0x00000000   Number         0  anon$$obj.o ABSOLUTE
    _printf_a                                0x00000000   Number         0  printfstubs.o ABSOLUTE
    _printf_c                                0x00000000   Number         0  printfstubs.o ABSOLUTE
    _printf_charcount                        0x00000000   Number         0  printfstubs.o ABSOLUTE
    _printf_d                                0x00000000   Number         0  printfstubs.o ABSOLUTE
    _printf_e                                0x00000000   Number         0  printfstubs.o ABSOLUTE
    _printf_f                                0x00000000   Number         0  printfstubs.o ABSOLUTE
    _printf_flags                            0x00000000   Number         0  printfstubs.o ABSOLUTE
    _printf_fp_dec                           0x00000000   Number         0  printfstubs.o ABSOLUTE
    _printf_fp_hex                           0x00000000   Number         0  printfstubs.o ABSOLUTE
    _printf_g                                0x00000000   Number         0  printfstubs.o ABSOLUTE
    _printf_i                                0x00000000   Number         0  printfstubs.o ABSOLUTE
    _printf_int_dec                          0x00000000   Number         0  printfstubs.o ABSOLUTE
    _printf_l                                0x00000000   Number         0  printfstubs.o ABSOLUTE
    _printf_lc                               0x00000000   Number         0  printfstubs.o ABSOLUTE
    _printf_ll                               0x00000000   Number         0  printfstubs.o ABSOLUTE
    _printf_lld                              0x00000000   Number         0  printfstubs.o ABSOLUTE
    _printf_lli                              0x00000000   Number         0  printfstubs.o ABSOLUTE
    _printf_llo                              0x00000000   Number         0  printfstubs.o ABSOLUTE
    _printf_llu                              0x00000000   Number         0  printfstubs.o ABSOLUTE
    _printf_llx                              0x00000000   Number         0  printfstubs.o ABSOLUTE
    _printf_longlong_dec                     0x00000000   Number         0  printfstubs.o ABSOLUTE
    _printf_longlong_hex                     0x00000000   Number         0  printfstubs.o ABSOLUTE
    _printf_longlong_oct                     0x00000000   Number         0  printfstubs.o ABSOLUTE
    _printf_ls                               0x00000000   Number         0  printfstubs.o ABSOLUTE
    _printf_mbtowc                           0x00000000   Number         0  printfstubs.o ABSOLUTE
    _printf_n                                0x00000000   Number         0  printfstubs.o ABSOLUTE
    _printf_o                                0x00000000   Number         0  printfstubs.o ABSOLUTE
    _printf_p                                0x00000000   Number         0  printfstubs.o ABSOLUTE
    _printf_percent                          0x00000000   Number         0  printfstubs.o ABSOLUTE
    _printf_pre_padding                      0x00000000   Number         0  printfstubs.o ABSOLUTE
    _printf_return_value                     0x00000000   Number         0  printfstubs.o ABSOLUTE
    _printf_s                                0x00000000   Number         0  printfstubs.o ABSOLUTE
    _printf_sizespec                         0x00000000   Number         0  printfstubs.o ABSOLUTE
    _printf_str                              0x00000000   Number         0  printfstubs.o ABSOLUTE
    _printf_truncate_signed                  0x00000000   Number         0  printfstubs.o ABSOLUTE
    _printf_truncate_unsigned                0x00000000   Number         0  printfstubs.o ABSOLUTE
    _printf_u                                0x00000000   Number         0  printfstubs.o ABSOLUTE
    _printf_wc                               0x00000000   Number         0  printfstubs.o ABSOLUTE
    _printf_wctomb                           0x00000000   Number         0  printfstubs.o ABSOLUTE
    _printf_widthprec                        0x00000000   Number         0  printfstubs.o ABSOLUTE
    _printf_x                                0x00000000   Number         0  printfstubs.o ABSOLUTE
    __cpp_initialize__aeabi_                  - Undefined Weak Reference
    __cxa_finalize                            - Undefined Weak Reference
    __decompress                              - Undefined Weak Reference
    _clock_init                               - Undefined Weak Reference
    _microlib_exit                            - Undefined Weak Reference
    __Vectors_Size                           0x00000188   Number         0  startup_stm32f407xx.o ABSOLUTE
    __Vectors                                0x08000000   Data           4  startup_stm32f407xx.o(RESET)
    __Vectors_End                            0x08000188   Data           0  startup_stm32f407xx.o(RESET)
    __main                                   0x08000189   Thumb Code     0  entry.o(.ARM.Collect$$$$00000000)
    _main_stk                                0x08000189   Thumb Code     0  entry2.o(.ARM.Collect$$$$00000001)
    _main_scatterload                        0x0800018d   Thumb Code     0  entry5.o(.ARM.Collect$$$$00000004)
    __main_after_scatterload                 0x08000191   Thumb Code     0  entry5.o(.ARM.Collect$$$$00000004)
    _main_clock                              0x08000191   Thumb Code     0  entry7b.o(.ARM.Collect$$$$00000008)
    _main_cpp_init                           0x08000191   Thumb Code     0  entry8b.o(.ARM.Collect$$$$0000000A)
    _main_init                               0x08000191   Thumb Code     0  entry9a.o(.ARM.Collect$$$$0000000B)
    __rt_final_cpp                           0x08000199   Thumb Code     0  entry10a.o(.ARM.Collect$$$$0000000D)
    __rt_final_exit                          0x08000199   Thumb Code     0  entry11a.o(.ARM.Collect$$$$0000000F)
    Reset_Handler                            0x0800019d   Thumb Code     8  startup_stm32f407xx.o(.text)
    ADC_IRQHandler                           0x080001b7   Thumb Code     0  startup_stm32f407xx.o(.text)
    CAN1_RX0_IRQHandler                      0x080001b7   Thumb Code     0  startup_stm32f407xx.o(.text)
    CAN1_RX1_IRQHandler                      0x080001b7   Thumb Code     0  startup_stm32f407xx.o(.text)
    CAN1_SCE_IRQHandler                      0x080001b7   Thumb Code     0  startup_stm32f407xx.o(.text)
    CAN1_TX_IRQHandler                       0x080001b7   Thumb Code     0  startup_stm32f407xx.o(.text)
    CAN2_RX0_IRQHandler                      0x080001b7   Thumb Code     0  startup_stm32f407xx.o(.text)
    CAN2_RX1_IRQHandler                      0x080001b7   Thumb Code     0  startup_stm32f407xx.o(.text)
    CAN2_SCE_IRQHandler                      0x080001b7   Thumb Code     0  startup_stm32f407xx.o(.text)
    CAN2_TX_IRQHandler                       0x080001b7   Thumb Code     0  startup_stm32f407xx.o(.text)
    DCMI_IRQHandler                          0x080001b7   Thumb Code     0  startup_stm32f407xx.o(.text)
    DMA1_Stream0_IRQHandler                  0x080001b7   Thumb Code     0  startup_stm32f407xx.o(.text)
    DMA1_Stream1_IRQHandler                  0x080001b7   Thumb Code     0  startup_stm32f407xx.o(.text)
    DMA1_Stream2_IRQHandler                  0x080001b7   Thumb Code     0  startup_stm32f407xx.o(.text)
    DMA1_Stream3_IRQHandler                  0x080001b7   Thumb Code     0  startup_stm32f407xx.o(.text)
    DMA1_Stream4_IRQHandler                  0x080001b7   Thumb Code     0  startup_stm32f407xx.o(.text)
    DMA1_Stream5_IRQHandler                  0x080001b7   Thumb Code     0  startup_stm32f407xx.o(.text)
    DMA1_Stream6_IRQHandler                  0x080001b7   Thumb Code     0  startup_stm32f407xx.o(.text)
    DMA1_Stream7_IRQHandler                  0x080001b7   Thumb Code     0  startup_stm32f407xx.o(.text)
    DMA2_Stream0_IRQHandler                  0x080001b7   Thumb Code     0  startup_stm32f407xx.o(.text)
    DMA2_Stream1_IRQHandler                  0x080001b7   Thumb Code     0  startup_stm32f407xx.o(.text)
    DMA2_Stream2_IRQHandler                  0x080001b7   Thumb Code     0  startup_stm32f407xx.o(.text)
    DMA2_Stream3_IRQHandler                  0x080001b7   Thumb Code     0  startup_stm32f407xx.o(.text)
    DMA2_Stream4_IRQHandler                  0x080001b7   Thumb Code     0  startup_stm32f407xx.o(.text)
    DMA2_Stream5_IRQHandler                  0x080001b7   Thumb Code     0  startup_stm32f407xx.o(.text)
    DMA2_Stream6_IRQHandler                  0x080001b7   Thumb Code     0  startup_stm32f407xx.o(.text)
    DMA2_Stream7_IRQHandler                  0x080001b7   Thumb Code     0  startup_stm32f407xx.o(.text)
    ETH_IRQHandler                           0x080001b7   Thumb Code     0  startup_stm32f407xx.o(.text)
    ETH_WKUP_IRQHandler                      0x080001b7   Thumb Code     0  startup_stm32f407xx.o(.text)
    EXTI0_IRQHandler                         0x080001b7   Thumb Code     0  startup_stm32f407xx.o(.text)
    EXTI15_10_IRQHandler                     0x080001b7   Thumb Code     0  startup_stm32f407xx.o(.text)
    EXTI1_IRQHandler                         0x080001b7   Thumb Code     0  startup_stm32f407xx.o(.text)
    EXTI2_IRQHandler                         0x080001b7   Thumb Code     0  startup_stm32f407xx.o(.text)
    EXTI3_IRQHandler                         0x080001b7   Thumb Code     0  startup_stm32f407xx.o(.text)
    EXTI4_IRQHandler                         0x080001b7   Thumb Code     0  startup_stm32f407xx.o(.text)
    EXTI9_5_IRQHandler                       0x080001b7   Thumb Code     0  startup_stm32f407xx.o(.text)
    FLASH_IRQHandler                         0x080001b7   Thumb Code     0  startup_stm32f407xx.o(.text)
    FMC_IRQHandler                           0x080001b7   Thumb Code     0  startup_stm32f407xx.o(.text)
    FPU_IRQHandler                           0x080001b7   Thumb Code     0  startup_stm32f407xx.o(.text)
    HASH_RNG_IRQHandler                      0x080001b7   Thumb Code     0  startup_stm32f407xx.o(.text)
    I2C1_ER_IRQHandler                       0x080001b7   Thumb Code     0  startup_stm32f407xx.o(.text)
    I2C1_EV_IRQHandler                       0x080001b7   Thumb Code     0  startup_stm32f407xx.o(.text)
    I2C2_ER_IRQHandler                       0x080001b7   Thumb Code     0  startup_stm32f407xx.o(.text)
    I2C2_EV_IRQHandler                       0x080001b7   Thumb Code     0  startup_stm32f407xx.o(.text)
    I2C3_ER_IRQHandler                       0x080001b7   Thumb Code     0  startup_stm32f407xx.o(.text)
    I2C3_EV_IRQHandler                       0x080001b7   Thumb Code     0  startup_stm32f407xx.o(.text)
    OTG_FS_IRQHandler                        0x080001b7   Thumb Code     0  startup_stm32f407xx.o(.text)
    OTG_FS_WKUP_IRQHandler                   0x080001b7   Thumb Code     0  startup_stm32f407xx.o(.text)
    OTG_HS_EP1_IN_IRQHandler                 0x080001b7   Thumb Code     0  startup_stm32f407xx.o(.text)
    OTG_HS_EP1_OUT_IRQHandler                0x080001b7   Thumb Code     0  startup_stm32f407xx.o(.text)
    OTG_HS_IRQHandler                        0x080001b7   Thumb Code     0  startup_stm32f407xx.o(.text)
    OTG_HS_WKUP_IRQHandler                   0x080001b7   Thumb Code     0  startup_stm32f407xx.o(.text)
    PVD_IRQHandler                           0x080001b7   Thumb Code     0  startup_stm32f407xx.o(.text)
    RCC_IRQHandler                           0x080001b7   Thumb Code     0  startup_stm32f407xx.o(.text)
    RTC_Alarm_IRQHandler                     0x080001b7   Thumb Code     0  startup_stm32f407xx.o(.text)
    RTC_WKUP_IRQHandler                      0x080001b7   Thumb Code     0  startup_stm32f407xx.o(.text)
    SDIO_IRQHandler                          0x080001b7   Thumb Code     0  startup_stm32f407xx.o(.text)
    SPI1_IRQHandler                          0x080001b7   Thumb Code     0  startup_stm32f407xx.o(.text)
    SPI2_IRQHandler                          0x080001b7   Thumb Code     0  startup_stm32f407xx.o(.text)
    SPI3_IRQHandler                          0x080001b7   Thumb Code     0  startup_stm32f407xx.o(.text)
    TAMP_STAMP_IRQHandler                    0x080001b7   Thumb Code     0  startup_stm32f407xx.o(.text)
    TIM1_BRK_TIM9_IRQHandler                 0x080001b7   Thumb Code     0  startup_stm32f407xx.o(.text)
    TIM1_CC_IRQHandler                       0x080001b7   Thumb Code     0  startup_stm32f407xx.o(.text)
    TIM1_TRG_COM_TIM11_IRQHandler            0x080001b7   Thumb Code     0  startup_stm32f407xx.o(.text)
    TIM1_UP_TIM10_IRQHandler                 0x080001b7   Thumb Code     0  startup_stm32f407xx.o(.text)
    TIM2_IRQHandler                          0x080001b7   Thumb Code     0  startup_stm32f407xx.o(.text)
    TIM3_IRQHandler                          0x080001b7   Thumb Code     0  startup_stm32f407xx.o(.text)
    TIM4_IRQHandler                          0x080001b7   Thumb Code     0  startup_stm32f407xx.o(.text)
    TIM5_IRQHandler                          0x080001b7   Thumb Code     0  startup_stm32f407xx.o(.text)
    TIM6_DAC_IRQHandler                      0x080001b7   Thumb Code     0  startup_stm32f407xx.o(.text)
    TIM7_IRQHandler                          0x080001b7   Thumb Code     0  startup_stm32f407xx.o(.text)
    TIM8_BRK_TIM12_IRQHandler                0x080001b7   Thumb Code     0  startup_stm32f407xx.o(.text)
    TIM8_CC_IRQHandler                       0x080001b7   Thumb Code     0  startup_stm32f407xx.o(.text)
    TIM8_TRG_COM_TIM14_IRQHandler            0x080001b7   Thumb Code     0  startup_stm32f407xx.o(.text)
    TIM8_UP_TIM13_IRQHandler                 0x080001b7   Thumb Code     0  startup_stm32f407xx.o(.text)
    UART4_IRQHandler                         0x080001b7   Thumb Code     0  startup_stm32f407xx.o(.text)
    UART5_IRQHandler                         0x080001b7   Thumb Code     0  startup_stm32f407xx.o(.text)
    USART1_IRQHandler                        0x080001b7   Thumb Code     0  startup_stm32f407xx.o(.text)
    USART2_IRQHandler                        0x080001b7   Thumb Code     0  startup_stm32f407xx.o(.text)
    USART3_IRQHandler                        0x080001b7   Thumb Code     0  startup_stm32f407xx.o(.text)
    USART6_IRQHandler                        0x080001b7   Thumb Code     0  startup_stm32f407xx.o(.text)
    WWDG_IRQHandler                          0x080001b7   Thumb Code     0  startup_stm32f407xx.o(.text)
    __aeabi_uldivmod                         0x080001c1   Thumb Code    98  uldiv.o(.text)
    __aeabi_memset                           0x08000223   Thumb Code    14  memseta.o(.text)
    __aeabi_memset4                          0x08000223   Thumb Code     0  memseta.o(.text)
    __aeabi_memset8                          0x08000223   Thumb Code     0  memseta.o(.text)
    __aeabi_memclr                           0x08000231   Thumb Code     4  memseta.o(.text)
    __aeabi_memclr4                          0x08000231   Thumb Code     0  memseta.o(.text)
    __aeabi_memclr8                          0x08000231   Thumb Code     0  memseta.o(.text)
    _memset$wrapper                          0x08000235   Thumb Code    18  memseta.o(.text)
    __aeabi_dadd                             0x08000247   Thumb Code   322  dadd.o(.text)
    __aeabi_dsub                             0x08000389   Thumb Code     6  dadd.o(.text)
    __aeabi_drsub                            0x0800038f   Thumb Code     6  dadd.o(.text)
    __aeabi_dmul                             0x08000395   Thumb Code   228  dmul.o(.text)
    __aeabi_ddiv                             0x08000479   Thumb Code   222  ddiv.o(.text)
    __aeabi_dcmple                           0x08000557   Thumb Code    54  dcmple.o(.text)
    __aeabi_ui2d                             0x0800058d   Thumb Code    26  dfltui.o(.text)
    __aeabi_f2d                              0x080005a7   Thumb Code    38  f2d.o(.text)
    __aeabi_d2f                              0x080005cd   Thumb Code    56  d2f.o(.text)
    __aeabi_uidiv                            0x08000605   Thumb Code     0  uidiv.o(.text)
    __aeabi_uidivmod                         0x08000605   Thumb Code    44  uidiv.o(.text)
    __aeabi_llsl                             0x08000631   Thumb Code    30  llshl.o(.text)
    _ll_shift_l                              0x08000631   Thumb Code     0  llshl.o(.text)
    __aeabi_llsr                             0x0800064f   Thumb Code    32  llushr.o(.text)
    _ll_ushift_r                             0x0800064f   Thumb Code     0  llushr.o(.text)
    __aeabi_lasr                             0x0800066f   Thumb Code    36  llsshr.o(.text)
    _ll_sshift_r                             0x0800066f   Thumb Code     0  llsshr.o(.text)
    __I$use$fp                               0x08000693   Thumb Code     0  iusefp.o(.text)
    _float_round                             0x08000693   Thumb Code    18  fepilogue.o(.text)
    _float_epilogue                          0x080006a5   Thumb Code    92  fepilogue.o(.text)
    _double_round                            0x08000701   Thumb Code    30  depilogue.o(.text)
    _double_epilogue                         0x0800071f   Thumb Code   156  depilogue.o(.text)
    _drem                                    0x080007bb   Thumb Code   134  drem.o(.text)
    __aeabi_d2ulz                            0x08000841   Thumb Code    48  dfixul.o(.text)
    __aeabi_cdrcmple                         0x08000871   Thumb Code    48  cdrcmple.o(.text)
    __scatterload                            0x080008a1   Thumb Code    28  init.o(.text)
    __scatterload_rt2                        0x080008a1   Thumb Code     0  init.o(.text)
    __aeabi_i2d                              0x080008c5   Thumb Code    34  dflti.o(.text)
    __aeabi_d2iz                             0x080008e7   Thumb Code    62  dfixi.o(.text)
    BusFault_Handler                         0x08000925   Thumb Code     2  stm32f4xx_it.o(.text.BusFault_Handler)
    DFOC_Vbus                                0x08000929   Thumb Code    14  foc_my.o(.text.DFOC_Vbus)
    DFOC_alignSensor                         0x08000939   Thumb Code   100  foc_my.o(.text.DFOC_alignSensor)
    DebugMon_Handler                         0x080009b9   Thumb Code     2  stm32f4xx_it.o(.text.DebugMon_Handler)
    Error_Handler                            0x080009bd   Thumb Code    10  main.o(.text.Error_Handler)
    HAL_Delay                                0x080009c9   Thumb Code    40  stm32f4xx_hal.o(.text.HAL_Delay)
    HAL_GPIO_Init                            0x080009f1   Thumb Code   406  stm32f4xx_hal_gpio.o(.text.HAL_GPIO_Init)
    HAL_GetTick                              0x08000b89   Thumb Code    12  stm32f4xx_hal.o(.text.HAL_GetTick)
    HAL_I2C_Init                             0x08000b95   Thumb Code   408  stm32f4xx_hal_i2c.o(.text.HAL_I2C_Init)
    HAL_I2C_Master_Receive                   0x08000d2d   Thumb Code   518  stm32f4xx_hal_i2c.o(.text.HAL_I2C_Master_Receive)
    HAL_I2C_Master_Transmit                  0x08000f35   Thumb Code   312  stm32f4xx_hal_i2c.o(.text.HAL_I2C_Master_Transmit)
    HAL_I2C_MspInit                          0x0800106d   Thumb Code   114  i2c.o(.text.HAL_I2C_MspInit)
    HAL_IncTick                              0x080010e1   Thumb Code    26  stm32f4xx_hal.o(.text.HAL_IncTick)
    HAL_Init                                 0x080010fd   Thumb Code    54  stm32f4xx_hal.o(.text.HAL_Init)
    HAL_InitTick                             0x08001135   Thumb Code    80  stm32f4xx_hal.o(.text.HAL_InitTick)
    HAL_MspInit                              0x08001185   Thumb Code    56  stm32f4xx_hal_msp.o(.text.HAL_MspInit)
    HAL_NVIC_SetPriority                     0x080011bd   Thumb Code    30  stm32f4xx_hal_cortex.o(.text.HAL_NVIC_SetPriority)
    HAL_NVIC_SetPriorityGrouping             0x080011dd   Thumb Code     8  stm32f4xx_hal_cortex.o(.text.HAL_NVIC_SetPriorityGrouping)
    HAL_RCC_ClockConfig                      0x080011e5   Thumb Code   352  stm32f4xx_hal_rcc.o(.text.HAL_RCC_ClockConfig)
    HAL_RCC_GetHCLKFreq                      0x08001345   Thumb Code    12  stm32f4xx_hal_rcc.o(.text.HAL_RCC_GetHCLKFreq)
    HAL_RCC_GetPCLK1Freq                     0x08001351   Thumb Code    34  stm32f4xx_hal_rcc.o(.text.HAL_RCC_GetPCLK1Freq)
    HAL_RCC_GetPCLK2Freq                     0x08001375   Thumb Code    34  stm32f4xx_hal_rcc.o(.text.HAL_RCC_GetPCLK2Freq)
    HAL_RCC_GetSysClockFreq                  0x08001399   Thumb Code   106  stm32f4xx_hal_rcc.o(.text.HAL_RCC_GetSysClockFreq)
    HAL_RCC_OscConfig                        0x08001405   Thumb Code   840  stm32f4xx_hal_rcc.o(.text.HAL_RCC_OscConfig)
    HAL_SYSTICK_Config                       0x0800174d   Thumb Code     8  stm32f4xx_hal_cortex.o(.text.HAL_SYSTICK_Config)
    HAL_TIMEx_ConfigBreakDeadTime            0x08001755   Thumb Code    76  stm32f4xx_hal_tim_ex.o(.text.HAL_TIMEx_ConfigBreakDeadTime)
    HAL_TIMEx_MasterConfigSynchronization    0x080017a1   Thumb Code   184  stm32f4xx_hal_tim_ex.o(.text.HAL_TIMEx_MasterConfigSynchronization)
    HAL_TIM_Base_Init                        0x08001859   Thumb Code    90  stm32f4xx_hal_tim.o(.text.HAL_TIM_Base_Init)
    HAL_TIM_Base_MspInit                     0x080018b5   Thumb Code    52  tim.o(.text.HAL_TIM_Base_MspInit)
    HAL_TIM_ConfigClockSource                0x080018e9   Thumb Code   222  stm32f4xx_hal_tim.o(.text.HAL_TIM_ConfigClockSource)
    HAL_TIM_MspPostInit                      0x080019c9   Thumb Code    92  tim.o(.text.HAL_TIM_MspPostInit)
    HAL_TIM_PWM_ConfigChannel                0x08001a25   Thumb Code   152  stm32f4xx_hal_tim.o(.text.HAL_TIM_PWM_ConfigChannel)
    HAL_TIM_PWM_Init                         0x08001abd   Thumb Code    90  stm32f4xx_hal_tim.o(.text.HAL_TIM_PWM_Init)
    HAL_TIM_PWM_MspInit                      0x08001b19   Thumb Code     2  stm32f4xx_hal_tim.o(.text.HAL_TIM_PWM_MspInit)
    HAL_TIM_PWM_Start                        0x08001b1d   Thumb Code   290  stm32f4xx_hal_tim.o(.text.HAL_TIM_PWM_Start)
    HAL_UART_Init                            0x08001c41   Thumb Code    94  stm32f4xx_hal_uart.o(.text.HAL_UART_Init)
    HAL_UART_MspInit                         0x08001ca1   Thumb Code   116  usart.o(.text.HAL_UART_MspInit)
    HAL_UART_Transmit                        0x08001d15   Thumb Code   204  stm32f4xx_hal_uart.o(.text.HAL_UART_Transmit)
    HardFault_Handler                        0x08001de1   Thumb Code     2  stm32f4xx_it.o(.text.HardFault_Handler)
    MX_GPIO_Init                             0x080021e5   Thumb Code    96  gpio.o(.text.MX_GPIO_Init)
    MX_I2C1_Init                             0x08002245   Thumb Code    62  i2c.o(.text.MX_I2C1_Init)
    MX_TIM1_Init                             0x08002285   Thumb Code   316  tim.o(.text.MX_TIM1_Init)
    MX_USART1_UART_Init                      0x080023c1   Thumb Code    56  usart.o(.text.MX_USART1_UART_Init)
    MemManage_Handler                        0x080023f9   Thumb Code     2  stm32f4xx_it.o(.text.MemManage_Handler)
    NMI_Handler                              0x080023fd   Thumb Code     2  stm32f4xx_it.o(.text.NMI_Handler)
    PendSV_Handler                           0x0800242d   Thumb Code     2  stm32f4xx_it.o(.text.PendSV_Handler)
    SVC_Handler                              0x08002431   Thumb Code     2  stm32f4xx_it.o(.text.SVC_Handler)
    SysTick_Handler                          0x08002465   Thumb Code    20  stm32f4xx_it.o(.text.SysTick_Handler)
    SystemClock_Config                       0x08002479   Thumb Code   162  main.o(.text.SystemClock_Config)
    SystemInit                               0x0800251d   Thumb Code    18  system_stm32f4xx.o(.text.SystemInit)
    TIM_Base_SetConfig                       0x08002531   Thumb Code   292  stm32f4xx_hal_tim.o(.text.TIM_Base_SetConfig)
    TIM_CCxChannelCmd                        0x08002655   Thumb Code    36  stm32f4xx_hal_tim.o(.text.TIM_CCxChannelCmd)
    TIM_ETR_SetConfig                        0x08002679   Thumb Code    22  stm32f4xx_hal_tim.o(.text.TIM_ETR_SetConfig)
    TIM_OC2_SetConfig                        0x08002705   Thumb Code   106  stm32f4xx_hal_tim.o(.text.TIM_OC2_SetConfig)
    UsageFault_Handler                       0x080029c9   Thumb Code     2  stm32f4xx_it.o(.text.UsageFault_Handler)
    _electricalAngle                         0x08002a21   Thumb Code    70  foc_my.o(.text._electricalAngle)
    _normalizeAngle                          0x08002a69   Thumb Code    76  foc_my.o(.text._normalizeAngle)
    bsp_as5600GetAngle                       0x08002ab9   Thumb Code   212  encoder.o(.text.bsp_as5600GetAngle)
    bsp_as5600GetAngle_without_trak          0x08002b91   Thumb Code    80  encoder.o(.text.bsp_as5600GetAngle_without_trak)
    bsp_as5600Init                           0x08002c0d   Thumb Code    40  encoder.o(.text.bsp_as5600Init)
    bsp_as5600_get_polar_angle               0x08002c35   Thumb Code   108  encoder.o(.text.bsp_as5600_get_polar_angle)
    encoder_ge_angle_without_trace           0x08002ca1   Thumb Code     8  encoder.o(.text.encoder_ge_angle_without_trace)
    encoder_get_angle                        0x08002ca9   Thumb Code     8  encoder.o(.text.encoder_get_angle)
    encoder_get_polar_angle                  0x08002cb1   Thumb Code     8  encoder.o(.text.encoder_get_polar_angle)
    encoder_init                             0x08002cb9   Thumb Code     8  encoder.o(.text.encoder_init)
    fputc                                    0x08002cc1   Thumb Code    30  usart.o(.text.fputc)
    main                                     0x08002d29   Thumb Code   264  main.o(.text.main)
    setPwm                                   0x08002e31   Thumb Code   164  foc_my.o(.text.setPwm)
    setTorque                                0x08002ed9   Thumb Code   436  foc_my.o(.text.setTorque)
    __0printf                                0x0800308d   Thumb Code    22  printfa.o(i.__0printf)
    __1printf                                0x0800308d   Thumb Code     0  printfa.o(i.__0printf)
    __2printf                                0x0800308d   Thumb Code     0  printfa.o(i.__0printf)
    __c89printf                              0x0800308d   Thumb Code     0  printfa.o(i.__0printf)
    printf                                   0x0800308d   Thumb Code     0  printfa.o(i.__0printf)
    __ARM_fpclassify                         0x080030ad   Thumb Code    48  fpclassify.o(i.__ARM_fpclassify)
    __hardfp_cos                             0x080030e1   Thumb Code   180  cos.o(i.__hardfp_cos)
    __hardfp_fmod                            0x080031a9   Thumb Code   254  fmod.o(i.__hardfp_fmod)
    __hardfp_sin                             0x080032b1   Thumb Code   180  sin.o(i.__hardfp_sin)
    __ieee754_rem_pio2                       0x08003379   Thumb Code   938  rred.o(i.__ieee754_rem_pio2)
    __kernel_cos                             0x080037b1   Thumb Code   322  cos_i.o(i.__kernel_cos)
    __kernel_poly                            0x08003921   Thumb Code   248  poly.o(i.__kernel_poly)
    __kernel_sin                             0x08003a19   Thumb Code   280  sin_i.o(i.__kernel_sin)
    __mathlib_dbl_infnan                     0x08003b49   Thumb Code    20  dunder.o(i.__mathlib_dbl_infnan)
    __mathlib_dbl_invalid                    0x08003b61   Thumb Code    24  dunder.o(i.__mathlib_dbl_invalid)
    __mathlib_dbl_underflow                  0x08003b81   Thumb Code    24  dunder.o(i.__mathlib_dbl_underflow)
    __scatterload_copy                       0x08003ba1   Thumb Code    14  handlers.o(i.__scatterload_copy)
    __scatterload_null                       0x08003baf   Thumb Code     2  handlers.o(i.__scatterload_null)
    __scatterload_zeroinit                   0x08003bb1   Thumb Code    14  handlers.o(i.__scatterload_zeroinit)
    __set_errno                              0x08003bc1   Thumb Code     6  errno.o(i.__set_errno)
    fabs                                     0x0800447f   Thumb Code    24  fabs.o(i.fabs)
    puts                                     0x08004499   Thumb Code    30  puts.o(i.puts)
    AHBPrescTable                            0x080045e8   Data          16  system_stm32f4xx.o(.rodata.AHBPrescTable)
    APBPrescTable                            0x080045f8   Data           8  system_stm32f4xx.o(.rodata.APBPrescTable)
    Region$$Table$$Base                      0x08004600   Number         0  anon$$obj.o(Region$$Table)
    Region$$Table$$Limit                     0x08004620   Number         0  anon$$obj.o(Region$$Table)
    __stdout                                 0x20000000   Data           4  stdout.o(.data)
    DIR                                      0x20000008   Data           4  foc_my.o(.data.DIR)
    PP                                       0x2000000c   Data           4  foc_my.o(.data.PP)
    SystemCoreClock                          0x20000010   Data           4  system_stm32f4xx.o(.data.SystemCoreClock)
    uwTickFreq                               0x20000014   Data           1  stm32f4xx_hal.o(.data.uwTickFreq)
    uwTickPrio                               0x20000018   Data           4  stm32f4xx_hal.o(.data.uwTickPrio)
    Ua                                       0x20000020   Data           4  foc_my.o(.bss.Ua)
    Ualpha                                   0x20000024   Data           4  foc_my.o(.bss.Ualpha)
    Ub                                       0x20000028   Data           4  foc_my.o(.bss.Ub)
    Ubeta                                    0x2000002c   Data           4  foc_my.o(.bss.Ubeta)
    Uc                                       0x20000030   Data           4  foc_my.o(.bss.Uc)
    angle                                    0x20000034   Data           4  main.o(.bss.angle)
    flag                                     0x20000040   Data           1  stm32f4xx_it.o(.bss.flag)
    hi2c1                                    0x2000004c   Data          84  i2c.o(.bss.hi2c1)
    htim1                                    0x200000a0   Data          72  tim.o(.bss.htim1)
    huart1                                   0x200000e8   Data          68  usart.o(.bss.huart1)
    inc_angle                                0x2000012c   Data           4  main.o(.bss.inc_angle)
    uwTick                                   0x20000130   Data           4  stm32f4xx_hal.o(.bss.uwTick)
    voltage_power_supply                     0x20000134   Data           4  foc_my.o(.bss.voltage_power_supply)
    zero_electric_angle                      0x20000138   Data           4  foc_my.o(.bss.zero_electric_angle)
    __initial_sp                             0x20000540   Data           0  startup_stm32f407xx.o(STACK)



==============================================================================

Memory Map of the image

  Image Entry point : 0x08000189

  Load Region LR_IROM1 (Base: 0x08000000, Size: 0x00004640, Max: 0x00080000, ABSOLUTE)

    Execution Region ER_IROM1 (Exec base: 0x08000000, Load base: 0x08000000, Size: 0x00004620, Max: 0x00080000, ABSOLUTE)

    Exec Addr    Load Addr    Size         Type   Attr      Idx    E Section Name        Object

    0x08000000   0x08000000   0x00000188   Data   RO            3    RESET               startup_stm32f407xx.o
    0x08000188   0x08000188   0x00000000   Code   RO         1336  * .ARM.Collect$$$$00000000  mc_w.l(entry.o)
    0x08000188   0x08000188   0x00000004   Code   RO         1647    .ARM.Collect$$$$00000001  mc_w.l(entry2.o)
    0x0800018c   0x0800018c   0x00000004   Code   RO         1650    .ARM.Collect$$$$00000004  mc_w.l(entry5.o)
    0x08000190   0x08000190   0x00000000   Code   RO         1652    .ARM.Collect$$$$00000008  mc_w.l(entry7b.o)
    0x08000190   0x08000190   0x00000000   Code   RO         1654    .ARM.Collect$$$$0000000A  mc_w.l(entry8b.o)
    0x08000190   0x08000190   0x00000008   Code   RO         1655    .ARM.Collect$$$$0000000B  mc_w.l(entry9a.o)
    0x08000198   0x08000198   0x00000000   Code   RO         1657    .ARM.Collect$$$$0000000D  mc_w.l(entry10a.o)
    0x08000198   0x08000198   0x00000000   Code   RO         1659    .ARM.Collect$$$$0000000F  mc_w.l(entry11a.o)
    0x08000198   0x08000198   0x00000004   Code   RO         1648    .ARM.Collect$$$$00002712  mc_w.l(entry2.o)
    0x0800019c   0x0800019c   0x00000024   Code   RO            4    .text               startup_stm32f407xx.o
    0x080001c0   0x080001c0   0x00000062   Code   RO         1343    .text               mc_w.l(uldiv.o)
    0x08000222   0x08000222   0x00000024   Code   RO         1345    .text               mc_w.l(memseta.o)
    0x08000246   0x08000246   0x0000014e   Code   RO         1608    .text               mf_w.l(dadd.o)
    0x08000394   0x08000394   0x000000e4   Code   RO         1610    .text               mf_w.l(dmul.o)
    0x08000478   0x08000478   0x000000de   Code   RO         1612    .text               mf_w.l(ddiv.o)
    0x08000556   0x08000556   0x00000036   Code   RO         1614    .text               mf_w.l(dcmple.o)
    0x0800058c   0x0800058c   0x0000001a   Code   RO         1616    .text               mf_w.l(dfltui.o)
    0x080005a6   0x080005a6   0x00000026   Code   RO         1618    .text               mf_w.l(f2d.o)
    0x080005cc   0x080005cc   0x00000038   Code   RO         1620    .text               mf_w.l(d2f.o)
    0x08000604   0x08000604   0x0000002c   Code   RO         1671    .text               mc_w.l(uidiv.o)
    0x08000630   0x08000630   0x0000001e   Code   RO         1673    .text               mc_w.l(llshl.o)
    0x0800064e   0x0800064e   0x00000020   Code   RO         1675    .text               mc_w.l(llushr.o)
    0x0800066e   0x0800066e   0x00000024   Code   RO         1677    .text               mc_w.l(llsshr.o)
    0x08000692   0x08000692   0x00000000   Code   RO         1686    .text               mc_w.l(iusefp.o)
    0x08000692   0x08000692   0x0000006e   Code   RO         1687    .text               mf_w.l(fepilogue.o)
    0x08000700   0x08000700   0x000000ba   Code   RO         1689    .text               mf_w.l(depilogue.o)
    0x080007ba   0x080007ba   0x00000086   Code   RO         1693    .text               mf_w.l(drem.o)
    0x08000840   0x08000840   0x00000030   Code   RO         1695    .text               mf_w.l(dfixul.o)
    0x08000870   0x08000870   0x00000030   Code   RO         1697    .text               mf_w.l(cdrcmple.o)
    0x080008a0   0x080008a0   0x00000024   Code   RO         1709    .text               mc_w.l(init.o)
    0x080008c4   0x080008c4   0x00000022   Code   RO         1711    .text               mf_w.l(dflti.o)
    0x080008e6   0x080008e6   0x0000003e   Code   RO         1713    .text               mf_w.l(dfixi.o)
    0x08000924   0x08000924   0x00000002   Code   RO           91    .text.BusFault_Handler  stm32f4xx_it.o
    0x08000926   0x08000926   0x00000002   PAD
    0x08000928   0x08000928   0x0000000e   Code   RO         1252    .text.DFOC_Vbus     foc_my.o
    0x08000936   0x08000936   0x00000002   PAD
    0x08000938   0x08000938   0x00000080   Code   RO         1262    .text.DFOC_alignSensor  foc_my.o
    0x080009b8   0x080009b8   0x00000002   Code   RO           97    .text.DebugMon_Handler  stm32f4xx_it.o
    0x080009ba   0x080009ba   0x00000002   PAD
    0x080009bc   0x080009bc   0x0000000a   Code   RO           15    .text.Error_Handler  main.o
    0x080009c6   0x080009c6   0x00000002   PAD
    0x080009c8   0x080009c8   0x00000028   Code   RO          662    .text.HAL_Delay     stm32f4xx_hal.o
    0x080009f0   0x080009f0   0x00000196   Code   RO          430    .text.HAL_GPIO_Init  stm32f4xx_hal_gpio.o
    0x08000b86   0x08000b86   0x00000002   PAD
    0x08000b88   0x08000b88   0x0000000c   Code   RO          654    .text.HAL_GetTick   stm32f4xx_hal.o
    0x08000b94   0x08000b94   0x00000198   Code   RO          119    .text.HAL_I2C_Init  stm32f4xx_hal_i2c.o
    0x08000d2c   0x08000d2c   0x00000206   Code   RO          137    .text.HAL_I2C_Master_Receive  stm32f4xx_hal_i2c.o
    0x08000f32   0x08000f32   0x00000002   PAD
    0x08000f34   0x08000f34   0x00000138   Code   RO          127    .text.HAL_I2C_Master_Transmit  stm32f4xx_hal_i2c.o
    0x0800106c   0x0800106c   0x00000072   Code   RO           38    .text.HAL_I2C_MspInit  i2c.o
    0x080010de   0x080010de   0x00000002   PAD
    0x080010e0   0x080010e0   0x0000001a   Code   RO          652    .text.HAL_IncTick   stm32f4xx_hal.o
    0x080010fa   0x080010fa   0x00000002   PAD
    0x080010fc   0x080010fc   0x00000036   Code   RO          642    .text.HAL_Init      stm32f4xx_hal.o
    0x08001132   0x08001132   0x00000002   PAD
    0x08001134   0x08001134   0x00000050   Code   RO          644    .text.HAL_InitTick  stm32f4xx_hal.o
    0x08001184   0x08001184   0x00000038   Code   RO          111    .text.HAL_MspInit   stm32f4xx_hal_msp.o
    0x080011bc   0x080011bc   0x0000001e   Code   RO          574    .text.HAL_NVIC_SetPriority  stm32f4xx_hal_cortex.o
    0x080011da   0x080011da   0x00000002   PAD
    0x080011dc   0x080011dc   0x00000008   Code   RO          570    .text.HAL_NVIC_SetPriorityGrouping  stm32f4xx_hal_cortex.o
    0x080011e4   0x080011e4   0x00000160   Code   RO          294    .text.HAL_RCC_ClockConfig  stm32f4xx_hal_rcc.o
    0x08001344   0x08001344   0x0000000c   Code   RO          304    .text.HAL_RCC_GetHCLKFreq  stm32f4xx_hal_rcc.o
    0x08001350   0x08001350   0x00000022   Code   RO          306    .text.HAL_RCC_GetPCLK1Freq  stm32f4xx_hal_rcc.o
    0x08001372   0x08001372   0x00000002   PAD
    0x08001374   0x08001374   0x00000022   Code   RO          308    .text.HAL_RCC_GetPCLK2Freq  stm32f4xx_hal_rcc.o
    0x08001396   0x08001396   0x00000002   PAD
    0x08001398   0x08001398   0x0000006a   Code   RO          296    .text.HAL_RCC_GetSysClockFreq  stm32f4xx_hal_rcc.o
    0x08001402   0x08001402   0x00000002   PAD
    0x08001404   0x08001404   0x00000348   Code   RO          292    .text.HAL_RCC_OscConfig  stm32f4xx_hal_rcc.o
    0x0800174c   0x0800174c   0x00000008   Code   RO          594    .text.HAL_SYSTICK_Config  stm32f4xx_hal_cortex.o
    0x08001754   0x08001754   0x0000004c   Code   RO         1049    .text.HAL_TIMEx_ConfigBreakDeadTime  stm32f4xx_hal_tim_ex.o
    0x080017a0   0x080017a0   0x000000b8   Code   RO         1047    .text.HAL_TIMEx_MasterConfigSynchronization  stm32f4xx_hal_tim_ex.o
    0x08001858   0x08001858   0x0000005a   Code   RO          733    .text.HAL_TIM_Base_Init  stm32f4xx_hal_tim.o
    0x080018b2   0x080018b2   0x00000002   PAD
    0x080018b4   0x080018b4   0x00000034   Code   RO           55    .text.HAL_TIM_Base_MspInit  tim.o
    0x080018e8   0x080018e8   0x000000de   Code   RO          925    .text.HAL_TIM_ConfigClockSource  stm32f4xx_hal_tim.o
    0x080019c6   0x080019c6   0x00000002   PAD
    0x080019c8   0x080019c8   0x0000005c   Code   RO           53    .text.HAL_TIM_MspPostInit  tim.o
    0x08001a24   0x08001a24   0x00000098   Code   RO          899    .text.HAL_TIM_PWM_ConfigChannel  stm32f4xx_hal_tim.o
    0x08001abc   0x08001abc   0x0000005a   Code   RO          787    .text.HAL_TIM_PWM_Init  stm32f4xx_hal_tim.o
    0x08001b16   0x08001b16   0x00000002   PAD
    0x08001b18   0x08001b18   0x00000002   Code   RO          789    .text.HAL_TIM_PWM_MspInit  stm32f4xx_hal_tim.o
    0x08001b1a   0x08001b1a   0x00000002   PAD
    0x08001b1c   0x08001b1c   0x00000122   Code   RO          795    .text.HAL_TIM_PWM_Start  stm32f4xx_hal_tim.o
    0x08001c3e   0x08001c3e   0x00000002   PAD
    0x08001c40   0x08001c40   0x0000005e   Code   RO         1071    .text.HAL_UART_Init  stm32f4xx_hal_uart.o
    0x08001c9e   0x08001c9e   0x00000002   PAD
    0x08001ca0   0x08001ca0   0x00000074   Code   RO           70    .text.HAL_UART_MspInit  usart.o
    0x08001d14   0x08001d14   0x000000cc   Code   RO         1087    .text.HAL_UART_Transmit  stm32f4xx_hal_uart.o
    0x08001de0   0x08001de0   0x00000002   Code   RO           87    .text.HardFault_Handler  stm32f4xx_it.o
    0x08001de2   0x08001de2   0x00000002   PAD
    0x08001de4   0x08001de4   0x00000030   Code   RO          279    .text.I2C_IsAcknowledgeFailed  stm32f4xx_hal_i2c.o
    0x08001e14   0x08001e14   0x000000fe   Code   RO          139    .text.I2C_MasterRequestRead  stm32f4xx_hal_i2c.o
    0x08001f12   0x08001f12   0x00000002   PAD
    0x08001f14   0x08001f14   0x000000b0   Code   RO          131    .text.I2C_MasterRequestWrite  stm32f4xx_hal_i2c.o
    0x08001fc4   0x08001fc4   0x0000005e   Code   RO          135    .text.I2C_WaitOnBTFFlagUntilTimeout  stm32f4xx_hal_i2c.o
    0x08002022   0x08002022   0x00000002   PAD
    0x08002024   0x08002024   0x00000074   Code   RO          129    .text.I2C_WaitOnFlagUntilTimeout  stm32f4xx_hal_i2c.o
    0x08002098   0x08002098   0x0000008c   Code   RO          277    .text.I2C_WaitOnMasterAddressFlagUntilTimeout  stm32f4xx_hal_i2c.o
    0x08002124   0x08002124   0x0000005e   Code   RO          141    .text.I2C_WaitOnRXNEFlagUntilTimeout  stm32f4xx_hal_i2c.o
    0x08002182   0x08002182   0x00000002   PAD
    0x08002184   0x08002184   0x0000005e   Code   RO          133    .text.I2C_WaitOnTXEFlagUntilTimeout  stm32f4xx_hal_i2c.o
    0x080021e2   0x080021e2   0x00000002   PAD
    0x080021e4   0x080021e4   0x00000060   Code   RO           28    .text.MX_GPIO_Init  gpio.o
    0x08002244   0x08002244   0x0000003e   Code   RO           36    .text.MX_I2C1_Init  i2c.o
    0x08002282   0x08002282   0x00000002   PAD
    0x08002284   0x08002284   0x0000013c   Code   RO           51    .text.MX_TIM1_Init  tim.o
    0x080023c0   0x080023c0   0x00000038   Code   RO           68    .text.MX_USART1_UART_Init  usart.o
    0x080023f8   0x080023f8   0x00000002   Code   RO           89    .text.MemManage_Handler  stm32f4xx_it.o
    0x080023fa   0x080023fa   0x00000002   PAD
    0x080023fc   0x080023fc   0x00000002   Code   RO           85    .text.NMI_Handler   stm32f4xx_it.o
    0x080023fe   0x080023fe   0x00000002   PAD
    0x08002400   0x08002400   0x0000002c   Code   RO          580    .text.NVIC_EncodePriority  stm32f4xx_hal_cortex.o
    0x0800242c   0x0800242c   0x00000002   Code   RO           99    .text.PendSV_Handler  stm32f4xx_it.o
    0x0800242e   0x0800242e   0x00000002   PAD
    0x08002430   0x08002430   0x00000002   Code   RO           95    .text.SVC_Handler   stm32f4xx_it.o
    0x08002432   0x08002432   0x00000002   PAD
    0x08002434   0x08002434   0x0000002e   Code   RO          596    .text.SysTick_Config  stm32f4xx_hal_cortex.o
    0x08002462   0x08002462   0x00000002   PAD
    0x08002464   0x08002464   0x00000014   Code   RO          101    .text.SysTick_Handler  stm32f4xx_it.o
    0x08002478   0x08002478   0x000000a2   Code   RO           13    .text.SystemClock_Config  main.o
    0x0800251a   0x0800251a   0x00000002   PAD
    0x0800251c   0x0800251c   0x00000012   Code   RO         1201    .text.SystemInit    system_stm32f4xx.o
    0x0800252e   0x0800252e   0x00000002   PAD
    0x08002530   0x08002530   0x00000124   Code   RO          737    .text.TIM_Base_SetConfig  stm32f4xx_hal_tim.o
    0x08002654   0x08002654   0x00000024   Code   RO          771    .text.TIM_CCxChannelCmd  stm32f4xx_hal_tim.o
    0x08002678   0x08002678   0x00000016   Code   RO          923    .text.TIM_ETR_SetConfig  stm32f4xx_hal_tim.o
    0x0800268e   0x0800268e   0x00000002   PAD
    0x08002690   0x08002690   0x00000010   Code   RO          929    .text.TIM_ITRx_SetConfig  stm32f4xx_hal_tim.o
    0x080026a0   0x080026a0   0x00000064   Code   RO          881    .text.TIM_OC1_SetConfig  stm32f4xx_hal_tim.o
    0x08002704   0x08002704   0x0000006a   Code   RO          883    .text.TIM_OC2_SetConfig  stm32f4xx_hal_tim.o
    0x0800276e   0x0800276e   0x00000002   PAD
    0x08002770   0x08002770   0x00000068   Code   RO          885    .text.TIM_OC3_SetConfig  stm32f4xx_hal_tim.o
    0x080027d8   0x080027d8   0x0000004e   Code   RO          887    .text.TIM_OC4_SetConfig  stm32f4xx_hal_tim.o
    0x08002826   0x08002826   0x00000002   PAD
    0x08002828   0x08002828   0x00000022   Code   RO          927    .text.TIM_TI1_ConfigInputStage  stm32f4xx_hal_tim.o
    0x0800284a   0x0800284a   0x00000002   PAD
    0x0800284c   0x0800284c   0x00000024   Code   RO          931    .text.TIM_TI2_ConfigInputStage  stm32f4xx_hal_tim.o
    0x08002870   0x08002870   0x000000dc   Code   RO         1075    .text.UART_SetConfig  stm32f4xx_hal_uart.o
    0x0800294c   0x0800294c   0x0000007a   Code   RO         1089    .text.UART_WaitOnFlagUntilTimeout  stm32f4xx_hal_uart.o
    0x080029c6   0x080029c6   0x00000002   PAD
    0x080029c8   0x080029c8   0x00000002   Code   RO           93    .text.UsageFault_Handler  stm32f4xx_it.o
    0x080029ca   0x080029ca   0x00000002   PAD
    0x080029cc   0x080029cc   0x00000010   Code   RO          576    .text.__NVIC_GetPriorityGrouping  stm32f4xx_hal_cortex.o
    0x080029dc   0x080029dc   0x00000022   Code   RO          578    .text.__NVIC_SetPriority  stm32f4xx_hal_cortex.o
    0x080029fe   0x080029fe   0x00000002   PAD
    0x08002a00   0x08002a00   0x00000020   Code   RO          572    .text.__NVIC_SetPriorityGrouping  stm32f4xx_hal_cortex.o
    0x08002a20   0x08002a20   0x00000046   Code   RO         1260    .text._electricalAngle  foc_my.o
    0x08002a66   0x08002a66   0x00000002   PAD
    0x08002a68   0x08002a68   0x0000004c   Code   RO         1254    .text._normalizeAngle  foc_my.o
    0x08002ab4   0x08002ab4   0x00000004   PAD
    0x08002ab8   0x08002ab8   0x000000d4   Code   RO         1222    .text.bsp_as5600GetAngle  encoder.o
    0x08002b8c   0x08002b8c   0x00000004   PAD
    0x08002b90   0x08002b90   0x00000050   Code   RO         1220    .text.bsp_as5600GetAngle_without_trak  encoder.o
    0x08002be0   0x08002be0   0x0000002c   Code   RO         1218    .text.bsp_as5600GetRawAngle  encoder.o
    0x08002c0c   0x08002c0c   0x00000028   Code   RO         1216    .text.bsp_as5600Init  encoder.o
    0x08002c34   0x08002c34   0x0000006c   Code   RO         1224    .text.bsp_as5600_get_polar_angle  encoder.o
    0x08002ca0   0x08002ca0   0x00000008   Code   RO         1230    .text.encoder_ge_angle_without_trace  encoder.o
    0x08002ca8   0x08002ca8   0x00000008   Code   RO         1232    .text.encoder_get_angle  encoder.o
    0x08002cb0   0x08002cb0   0x00000008   Code   RO         1234    .text.encoder_get_polar_angle  encoder.o
    0x08002cb8   0x08002cb8   0x00000008   Code   RO         1226    .text.encoder_init  encoder.o
    0x08002cc0   0x08002cc0   0x0000001e   Code   RO           74    .text.fputc         usart.o
    0x08002cde   0x08002cde   0x00000002   PAD
    0x08002ce0   0x08002ce0   0x00000022   Code   RO         1238    .text.i2cRead       encoder.o
    0x08002d02   0x08002d02   0x00000002   PAD
    0x08002d04   0x08002d04   0x00000022   Code   RO         1236    .text.i2cWrite      encoder.o
    0x08002d26   0x08002d26   0x00000002   PAD
    0x08002d28   0x08002d28   0x00000108   Code   RO           11    .text.main          main.o
    0x08002e30   0x08002e30   0x000000a4   Code   RO         1256    .text.setPwm        foc_my.o
    0x08002ed4   0x08002ed4   0x00000004   PAD
    0x08002ed8   0x08002ed8   0x000001b4   Code   RO         1258    .text.setTorque     foc_my.o
    0x0800308c   0x0800308c   0x00000020   Code   RO         1580    i.__0printf         mc_w.l(printfa.o)
    0x080030ac   0x080030ac   0x00000030   Code   RO         1705    i.__ARM_fpclassify  m_wm.l(fpclassify.o)
    0x080030dc   0x080030dc   0x00000004   PAD
    0x080030e0   0x080030e0   0x000000c8   Code   RO         1318    i.__hardfp_cos      m_wm.l(cos.o)
    0x080031a8   0x080031a8   0x00000104   Code   RO         1324    i.__hardfp_fmod     m_wm.l(fmod.o)
    0x080032ac   0x080032ac   0x00000004   PAD
    0x080032b0   0x080032b0   0x000000c8   Code   RO         1330    i.__hardfp_sin      m_wm.l(sin.o)
    0x08003378   0x08003378   0x00000438   Code   RO         1639    i.__ieee754_rem_pio2  m_wm.l(rred.o)
    0x080037b0   0x080037b0   0x00000170   Code   RO         1622    i.__kernel_cos      m_wm.l(cos_i.o)
    0x08003920   0x08003920   0x000000f8   Code   RO         1707    i.__kernel_poly     m_wm.l(poly.o)
    0x08003a18   0x08003a18   0x00000130   Code   RO         1644    i.__kernel_sin      m_wm.l(sin_i.o)
    0x08003b48   0x08003b48   0x00000014   Code   RO         1626    i.__mathlib_dbl_infnan  m_wm.l(dunder.o)
    0x08003b5c   0x08003b5c   0x00000004   PAD
    0x08003b60   0x08003b60   0x00000020   Code   RO         1628    i.__mathlib_dbl_invalid  m_wm.l(dunder.o)
    0x08003b80   0x08003b80   0x00000020   Code   RO         1631    i.__mathlib_dbl_underflow  m_wm.l(dunder.o)
    0x08003ba0   0x08003ba0   0x0000000e   Code   RO         1717    i.__scatterload_copy  mc_w.l(handlers.o)
    0x08003bae   0x08003bae   0x00000002   Code   RO         1718    i.__scatterload_null  mc_w.l(handlers.o)
    0x08003bb0   0x08003bb0   0x0000000e   Code   RO         1719    i.__scatterload_zeroinit  mc_w.l(handlers.o)
    0x08003bbe   0x08003bbe   0x00000002   PAD
    0x08003bc0   0x08003bc0   0x0000000c   Code   RO         1681    i.__set_errno       mc_w.l(errno.o)
    0x08003bcc   0x08003bcc   0x00000184   Code   RO         1587    i._fp_digits        mc_w.l(printfa.o)
    0x08003d50   0x08003d50   0x000006dc   Code   RO         1588    i._printf_core      mc_w.l(printfa.o)
    0x0800442c   0x0800442c   0x00000024   Code   RO         1589    i._printf_post_padding  mc_w.l(printfa.o)
    0x08004450   0x08004450   0x0000002e   Code   RO         1590    i._printf_pre_padding  mc_w.l(printfa.o)
    0x0800447e   0x0800447e   0x00000018   Code   RO         1701    i.fabs              m_wm.l(fabs.o)
    0x08004496   0x08004496   0x00000002   PAD
    0x08004498   0x08004498   0x00000024   Code   RO         1339    i.puts              mc_w.l(puts.o)
    0x080044bc   0x080044bc   0x00000004   PAD
    0x080044c0   0x080044c0   0x00000030   Data   RO         1623    .constdata          m_wm.l(cos_i.o)
    0x080044f0   0x080044f0   0x000000cc   Data   RO         1641    .constdata          m_wm.l(rred.o)
    0x080045bc   0x080045bc   0x00000004   PAD
    0x080045c0   0x080045c0   0x00000028   Data   RO         1645    .constdata          m_wm.l(sin_i.o)
    0x080045e8   0x080045e8   0x00000010   Data   RO         1206    .rodata.AHBPrescTable  system_stm32f4xx.o
    0x080045f8   0x080045f8   0x00000008   Data   RO         1207    .rodata.APBPrescTable  system_stm32f4xx.o
    0x08004600   0x08004600   0x00000020   Data   RO         1716    Region$$Table       anon$$obj.o


    Execution Region RW_IRAM1 (Exec base: 0x20000000, Load base: 0x08004620, Size: 0x00000540, Max: 0x0001c000, ABSOLUTE)

    Exec Addr    Load Addr    Size         Type   Attr      Idx    E Section Name        Object

    0x20000000   0x08004620   0x00000004   Data   RW         1661    .data               mc_w.l(stdout.o)
    0x20000004   0x08004624   0x00000004   Data   RW         1682    .data               mc_w.l(errno.o)
    0x20000008   0x08004628   0x00000004   Data   RW         1272    .data.DIR           foc_my.o
    0x2000000c   0x0800462c   0x00000004   Data   RW         1271    .data.PP            foc_my.o
    0x20000010   0x08004630   0x00000004   Data   RW         1205    .data.SystemCoreClock  system_stm32f4xx.o
    0x20000014   0x08004634   0x00000001   Data   RW          697    .data.uwTickFreq    stm32f4xx_hal.o
    0x20000015   0x08004635   0x00000003   PAD
    0x20000018   0x08004638   0x00000004   Data   RW          696    .data.uwTickPrio    stm32f4xx_hal.o
    0x2000001c   0x0800463c   0x00000004   PAD
    0x20000020        -       0x00000004   Zero   RW         1267    .bss.Ua             foc_my.o
    0x20000024        -       0x00000004   Zero   RW         1274    .bss.Ualpha         foc_my.o
    0x20000028        -       0x00000004   Zero   RW         1268    .bss.Ub             foc_my.o
    0x2000002c        -       0x00000004   Zero   RW         1266    .bss.Ubeta          foc_my.o
    0x20000030        -       0x00000004   Zero   RW         1269    .bss.Uc             foc_my.o
    0x20000034        -       0x00000004   Zero   RW           17    .bss.angle          main.o
    0x20000038        -       0x00000004   Zero   RW         1241    .bss.angle_data_prev  encoder.o
    0x2000003c        -       0x00000004   Zero   RW         1242    .bss.bsp_as5600_get_polar_angle.p_angle  encoder.o
    0x20000040        -       0x00000001   Zero   RW          103    .bss.flag           stm32f4xx_it.o
    0x20000041   0x0800463c   0x00000003   PAD
    0x20000044        -       0x00000004   Zero   RW         1240    .bss.full_rotation_offset  encoder.o
    0x20000048        -       0x00000004   Zero   RW         1243    .bss.full_rotations  encoder.o
    0x2000004c        -       0x00000054   Zero   RW           42    .bss.hi2c1          i2c.o
    0x200000a0        -       0x00000048   Zero   RW           59    .bss.htim1          tim.o
    0x200000e8        -       0x00000044   Zero   RW           76    .bss.huart1         usart.o
    0x2000012c        -       0x00000004   Zero   RW           18    .bss.inc_angle      main.o
    0x20000130        -       0x00000004   Zero   RW          698    .bss.uwTick         stm32f4xx_hal.o
    0x20000134        -       0x00000004   Zero   RW         1273    .bss.voltage_power_supply  foc_my.o
    0x20000138        -       0x00000004   Zero   RW         1270    .bss.zero_electric_angle  foc_my.o
    0x2000013c   0x0800463c   0x00000004   PAD
    0x20000140        -       0x00000400   Zero   RW            1    STACK               startup_stm32f407xx.o


    Execution Region RW_IRAM2 (Exec base: 0x2001c000, Load base: 0x08004640, Size: 0x00000000, Max: 0x00004000, ABSOLUTE)

    **** No section assigned to this execution region ****


==============================================================================

Image component sizes


      Code (inc. data)   RO Data    RW Data    ZI Data      Debug   Object Name

       584         68          0          0         16       3811   encoder.o
       888         64          0          8         28       2975   foc_my.o
        96          0          0          0          0       1485   gpio.o
       176          0          0          0         84       5135   i2c.o
       436         56          0          0          8       4029   main.o
        36          8        392          0       1024        828   startup_stm32f407xx.o
       212          0          0          5          4       7291   stm32f4xx_hal.o
       218          0          0          0          0      10738   stm32f4xx_hal_cortex.o
       406          0          0          0          0       5213   stm32f4xx_hal_gpio.o
      2254          0          0          0          0      39261   stm32f4xx_hal_i2c.o
        56          0          0          0          0       1458   stm32f4xx_hal_msp.o
      1378          0          0          0          0       7355   stm32f4xx_hal_rcc.o
      1670          4          0          0          0      44918   stm32f4xx_hal_tim.o
       260          0          0          0          0      19245   stm32f4xx_hal_tim_ex.o
       640          0          0          0          0      24674   stm32f4xx_hal_uart.o
        36          0          0          0          1       1202   stm32f4xx_it.o
        18          0         24          4          0       2644   system_stm32f4xx.o
       460          0          0          0         72       6497   tim.o
       202          0          0          0         68       5318   usart.o

    ----------------------------------------------------------------------
     10124        212        448         20       1316     194077   Object Totals
         0          0         32          0          0          0   (incl. Generated)
        98         12          0          3         11          0   (incl. Padding)

    ----------------------------------------------------------------------

      Code (inc. data)   RO Data    RW Data    ZI Data      Debug   Library Member Name

       200         20          0          0          0        164   cos.o
       368         46         48          0          0        200   cos_i.o
        84         16          0          0          0        372   dunder.o
        24          0          0          0          0        124   fabs.o
       260          6          0          0          0        144   fmod.o
        48          0          0          0          0        124   fpclassify.o
       248          0          0          0          0        152   poly.o
      1080        142        204          0          0        188   rred.o
       200         20          0          0          0        164   sin.o
       304         24         40          0          0        208   sin_i.o
         0          0          0          0          0          0   entry.o
         0          0          0          0          0          0   entry10a.o
         0          0          0          0          0          0   entry11a.o
         8          4          0          0          0          0   entry2.o
         4          0          0          0          0          0   entry5.o
         0          0          0          0          0          0   entry7b.o
         0          0          0          0          0          0   entry8b.o
         8          4          0          0          0          0   entry9a.o
        12          6          0          4          0         68   errno.o
        30          0          0          0          0          0   handlers.o
        36          8          0          0          0         68   init.o
         0          0          0          0          0          0   iusefp.o
        30          0          0          0          0         68   llshl.o
        36          0          0          0          0         68   llsshr.o
        32          0          0          0          0         68   llushr.o
        36          0          0          0          0        108   memseta.o
      2258         90          0          0          0        452   printfa.o
        36          6          0          0          0         80   puts.o
         0          0          0          4          0          0   stdout.o
        44          0          0          0          0         80   uidiv.o
        98          0          0          0          0         92   uldiv.o
        48          0          0          0          0         68   cdrcmple.o
        56          0          0          0          0         88   d2f.o
       334          0          0          0          0        148   dadd.o
        54          0          0          0          0         80   dcmple.o
       222          0          0          0          0        100   ddiv.o
       186          0          0          0          0        176   depilogue.o
        62          0          0          0          0         80   dfixi.o
        48          0          0          0          0         68   dfixul.o
        34          0          0          0          0         76   dflti.o
        26          0          0          0          0         76   dfltui.o
       228          0          0          0          0         96   dmul.o
       134          0          0          0          0         96   drem.o
        38          0          0          0          0         68   f2d.o
       110          0          0          0          0        168   fepilogue.o

    ----------------------------------------------------------------------
      7084        400        296          8          0       4380   Library Totals
        20          8          4          0          0          0   (incl. Padding)

    ----------------------------------------------------------------------

      Code (inc. data)   RO Data    RW Data    ZI Data      Debug   Library Name

      2816        274        292          0          0       1840   m_wm.l
      2668        118          0          8          0       1152   mc_w.l
      1580          0          0          0          0       1388   mf_w.l

    ----------------------------------------------------------------------
      7084        400        296          8          0       4380   Library Totals

    ----------------------------------------------------------------------

==============================================================================


      Code (inc. data)   RO Data    RW Data    ZI Data      Debug   

     17208        612        744         28       1316     195921   Grand Totals
     17208        612        744         28       1316     195921   ELF Image Totals
     17208        612        744         28          0          0   ROM Totals

==============================================================================

    Total RO  Size (Code + RO Data)                17952 (  17.53kB)
    Total RW  Size (RW Data + ZI Data)              1344 (   1.31kB)
    Total ROM Size (Code + RO Data + RW Data)      17980 (  17.56kB)

==============================================================================

